Archive member included because of file (symbol)

/Users/edwinfinch/pebble-dev/PebbleSDK-3.0-dp1/Pebble/basalt/lib/libpebble.a(tmppDYYCYpebble.o)
                              src/TheDress.c.9.o (app_event_loop)

Allocating common symbols
Common symbol       size              file

the_dress_layer     0x4               src/TheDress.c.9.o
the_dress_bitmap    0x4               src/TheDress.c.9.o
time_layer          0x4               src/TheDress.c.9.o
window              0x4               src/TheDress.c.9.o

Discarded input sections

 .text          0x0000000000000000        0x0 /Users/edwinfinch/pebble-dev/PebbleSDK-3.0-dp1/arm-cs-tools/bin/../lib/gcc/arm-none-eabi/4.7.2/thumb2/crti.o
 .bss           0x0000000000000000        0x0 /Users/edwinfinch/pebble-dev/PebbleSDK-3.0-dp1/arm-cs-tools/bin/../lib/gcc/arm-none-eabi/4.7.2/thumb2/crti.o
 .init          0x0000000000000000        0x4 /Users/edwinfinch/pebble-dev/PebbleSDK-3.0-dp1/arm-cs-tools/bin/../lib/gcc/arm-none-eabi/4.7.2/thumb2/crti.o
 .fini          0x0000000000000000        0x4 /Users/edwinfinch/pebble-dev/PebbleSDK-3.0-dp1/arm-cs-tools/bin/../lib/gcc/arm-none-eabi/4.7.2/thumb2/crti.o
 .text          0x0000000000000000       0xc8 /Users/edwinfinch/pebble-dev/PebbleSDK-3.0-dp1/arm-cs-tools/bin/../lib/gcc/arm-none-eabi/4.7.2/thumb2/crtbegin.o
 .bss           0x0000000000000000       0x1c /Users/edwinfinch/pebble-dev/PebbleSDK-3.0-dp1/arm-cs-tools/bin/../lib/gcc/arm-none-eabi/4.7.2/thumb2/crtbegin.o
 .init_array    0x0000000000000000        0x4 /Users/edwinfinch/pebble-dev/PebbleSDK-3.0-dp1/arm-cs-tools/bin/../lib/gcc/arm-none-eabi/4.7.2/thumb2/crtbegin.o
 .fini_array    0x0000000000000000        0x4 /Users/edwinfinch/pebble-dev/PebbleSDK-3.0-dp1/arm-cs-tools/bin/../lib/gcc/arm-none-eabi/4.7.2/thumb2/crtbegin.o
 .eh_frame      0x0000000000000000        0x0 /Users/edwinfinch/pebble-dev/PebbleSDK-3.0-dp1/arm-cs-tools/bin/../lib/gcc/arm-none-eabi/4.7.2/thumb2/crtbegin.o
 .jcr           0x0000000000000000        0x0 /Users/edwinfinch/pebble-dev/PebbleSDK-3.0-dp1/arm-cs-tools/bin/../lib/gcc/arm-none-eabi/4.7.2/thumb2/crtbegin.o
 .tm_clone_table
                0x0000000000000000        0x0 /Users/edwinfinch/pebble-dev/PebbleSDK-3.0-dp1/arm-cs-tools/bin/../lib/gcc/arm-none-eabi/4.7.2/thumb2/crtbegin.o
 .text          0x0000000000000000        0x0 src/TheDress.c.9.o
 .bss           0x0000000000000000        0x0 src/TheDress.c.9.o
 .text          0x0000000000000000        0x0 basalt/appinfo.auto.c.9.o
 .bss           0x0000000000000000        0x0 basalt/appinfo.auto.c.9.o
 .bss           0x0000000000000000        0x0 /Users/edwinfinch/pebble-dev/PebbleSDK-3.0-dp1/Pebble/basalt/lib/libpebble.a(tmppDYYCYpebble.o)
 .text.accel_data_service_subscribe__deprecated
                0x0000000000000000        0xc /Users/edwinfinch/pebble-dev/PebbleSDK-3.0-dp1/Pebble/basalt/lib/libpebble.a(tmppDYYCYpebble.o)
 .text.accel_data_service_unsubscribe
                0x0000000000000000        0xc /Users/edwinfinch/pebble-dev/PebbleSDK-3.0-dp1/Pebble/basalt/lib/libpebble.a(tmppDYYCYpebble.o)
 .text.accel_service_peek
                0x0000000000000000        0xc /Users/edwinfinch/pebble-dev/PebbleSDK-3.0-dp1/Pebble/basalt/lib/libpebble.a(tmppDYYCYpebble.o)
 .text.accel_service_set_samples_per_update
                0x0000000000000000        0xc /Users/edwinfinch/pebble-dev/PebbleSDK-3.0-dp1/Pebble/basalt/lib/libpebble.a(tmppDYYCYpebble.o)
 .text.accel_service_set_sampling_rate
                0x0000000000000000        0xc /Users/edwinfinch/pebble-dev/PebbleSDK-3.0-dp1/Pebble/basalt/lib/libpebble.a(tmppDYYCYpebble.o)
 .text.accel_tap_service_subscribe
                0x0000000000000000        0xc /Users/edwinfinch/pebble-dev/PebbleSDK-3.0-dp1/Pebble/basalt/lib/libpebble.a(tmppDYYCYpebble.o)
 .text.accel_tap_service_unsubscribe
                0x0000000000000000        0xc /Users/edwinfinch/pebble-dev/PebbleSDK-3.0-dp1/Pebble/basalt/lib/libpebble.a(tmppDYYCYpebble.o)
 .text.action_bar_layer_add_to_window
                0x0000000000000000        0xc /Users/edwinfinch/pebble-dev/PebbleSDK-3.0-dp1/Pebble/basalt/lib/libpebble.a(tmppDYYCYpebble.o)
 .text.action_bar_layer_clear_icon
                0x0000000000000000        0xc /Users/edwinfinch/pebble-dev/PebbleSDK-3.0-dp1/Pebble/basalt/lib/libpebble.a(tmppDYYCYpebble.o)
 .text.action_bar_layer_create
                0x0000000000000000        0xc /Users/edwinfinch/pebble-dev/PebbleSDK-3.0-dp1/Pebble/basalt/lib/libpebble.a(tmppDYYCYpebble.o)
 .text.action_bar_layer_destroy
                0x0000000000000000        0xc /Users/edwinfinch/pebble-dev/PebbleSDK-3.0-dp1/Pebble/basalt/lib/libpebble.a(tmppDYYCYpebble.o)
 .text.action_bar_layer_get_layer
                0x0000000000000000        0xc /Users/edwinfinch/pebble-dev/PebbleSDK-3.0-dp1/Pebble/basalt/lib/libpebble.a(tmppDYYCYpebble.o)
 .text.action_bar_layer_remove_from_window
                0x0000000000000000        0xc /Users/edwinfinch/pebble-dev/PebbleSDK-3.0-dp1/Pebble/basalt/lib/libpebble.a(tmppDYYCYpebble.o)
 .text.action_bar_layer_set_background_color_2bit
                0x0000000000000000        0xc /Users/edwinfinch/pebble-dev/PebbleSDK-3.0-dp1/Pebble/basalt/lib/libpebble.a(tmppDYYCYpebble.o)
 .text.action_bar_layer_set_click_config_provider
                0x0000000000000000        0xc /Users/edwinfinch/pebble-dev/PebbleSDK-3.0-dp1/Pebble/basalt/lib/libpebble.a(tmppDYYCYpebble.o)
 .text.action_bar_layer_set_context
                0x0000000000000000        0xc /Users/edwinfinch/pebble-dev/PebbleSDK-3.0-dp1/Pebble/basalt/lib/libpebble.a(tmppDYYCYpebble.o)
 .text.action_bar_layer_set_icon
                0x0000000000000000        0xc /Users/edwinfinch/pebble-dev/PebbleSDK-3.0-dp1/Pebble/basalt/lib/libpebble.a(tmppDYYCYpebble.o)
 .text.animation_legacy2_create
                0x0000000000000000        0xc /Users/edwinfinch/pebble-dev/PebbleSDK-3.0-dp1/Pebble/basalt/lib/libpebble.a(tmppDYYCYpebble.o)
 .text.animation_legacy2_destroy
                0x0000000000000000        0xc /Users/edwinfinch/pebble-dev/PebbleSDK-3.0-dp1/Pebble/basalt/lib/libpebble.a(tmppDYYCYpebble.o)
 .text.animation_legacy2_get_context
                0x0000000000000000        0xc /Users/edwinfinch/pebble-dev/PebbleSDK-3.0-dp1/Pebble/basalt/lib/libpebble.a(tmppDYYCYpebble.o)
 .text.animation_legacy2_is_scheduled
                0x0000000000000000        0xc /Users/edwinfinch/pebble-dev/PebbleSDK-3.0-dp1/Pebble/basalt/lib/libpebble.a(tmppDYYCYpebble.o)
 .text.animation_legacy2_schedule
                0x0000000000000000        0xc /Users/edwinfinch/pebble-dev/PebbleSDK-3.0-dp1/Pebble/basalt/lib/libpebble.a(tmppDYYCYpebble.o)
 .text.animation_legacy2_set_curve
                0x0000000000000000        0xc /Users/edwinfinch/pebble-dev/PebbleSDK-3.0-dp1/Pebble/basalt/lib/libpebble.a(tmppDYYCYpebble.o)
 .text.animation_legacy2_set_delay
                0x0000000000000000        0xc /Users/edwinfinch/pebble-dev/PebbleSDK-3.0-dp1/Pebble/basalt/lib/libpebble.a(tmppDYYCYpebble.o)
 .text.animation_legacy2_set_duration
                0x0000000000000000        0xc /Users/edwinfinch/pebble-dev/PebbleSDK-3.0-dp1/Pebble/basalt/lib/libpebble.a(tmppDYYCYpebble.o)
 .text.animation_legacy2_set_handlers
                0x0000000000000000        0xc /Users/edwinfinch/pebble-dev/PebbleSDK-3.0-dp1/Pebble/basalt/lib/libpebble.a(tmppDYYCYpebble.o)
 .text.animation_legacy2_set_implementation
                0x0000000000000000        0xc /Users/edwinfinch/pebble-dev/PebbleSDK-3.0-dp1/Pebble/basalt/lib/libpebble.a(tmppDYYCYpebble.o)
 .text.animation_legacy2_unschedule
                0x0000000000000000        0xc /Users/edwinfinch/pebble-dev/PebbleSDK-3.0-dp1/Pebble/basalt/lib/libpebble.a(tmppDYYCYpebble.o)
 .text.animation_legacy2_unschedule_all
                0x0000000000000000        0xc /Users/edwinfinch/pebble-dev/PebbleSDK-3.0-dp1/Pebble/basalt/lib/libpebble.a(tmppDYYCYpebble.o)
 .text.app_comm_get_sniff_interval
                0x0000000000000000        0xc /Users/edwinfinch/pebble-dev/PebbleSDK-3.0-dp1/Pebble/basalt/lib/libpebble.a(tmppDYYCYpebble.o)
 .text.app_comm_set_sniff_interval
                0x0000000000000000        0xc /Users/edwinfinch/pebble-dev/PebbleSDK-3.0-dp1/Pebble/basalt/lib/libpebble.a(tmppDYYCYpebble.o)
 .text.app_log  0x0000000000000000        0xc /Users/edwinfinch/pebble-dev/PebbleSDK-3.0-dp1/Pebble/basalt/lib/libpebble.a(tmppDYYCYpebble.o)
 .text.app_message_deregister_callbacks
                0x0000000000000000        0xc /Users/edwinfinch/pebble-dev/PebbleSDK-3.0-dp1/Pebble/basalt/lib/libpebble.a(tmppDYYCYpebble.o)
 .text.app_message_open
                0x0000000000000000        0xc /Users/edwinfinch/pebble-dev/PebbleSDK-3.0-dp1/Pebble/basalt/lib/libpebble.a(tmppDYYCYpebble.o)
 .text.app_sync_deinit
                0x0000000000000000        0xc /Users/edwinfinch/pebble-dev/PebbleSDK-3.0-dp1/Pebble/basalt/lib/libpebble.a(tmppDYYCYpebble.o)
 .text.app_sync_get
                0x0000000000000000        0xc /Users/edwinfinch/pebble-dev/PebbleSDK-3.0-dp1/Pebble/basalt/lib/libpebble.a(tmppDYYCYpebble.o)
 .text.app_sync_init
                0x0000000000000000        0xc /Users/edwinfinch/pebble-dev/PebbleSDK-3.0-dp1/Pebble/basalt/lib/libpebble.a(tmppDYYCYpebble.o)
 .text.app_sync_set
                0x0000000000000000        0xc /Users/edwinfinch/pebble-dev/PebbleSDK-3.0-dp1/Pebble/basalt/lib/libpebble.a(tmppDYYCYpebble.o)
 .text.app_timer_cancel
                0x0000000000000000        0xc /Users/edwinfinch/pebble-dev/PebbleSDK-3.0-dp1/Pebble/basalt/lib/libpebble.a(tmppDYYCYpebble.o)
 .text.app_timer_register
                0x0000000000000000        0xc /Users/edwinfinch/pebble-dev/PebbleSDK-3.0-dp1/Pebble/basalt/lib/libpebble.a(tmppDYYCYpebble.o)
 .text.app_timer_reschedule
                0x0000000000000000        0xc /Users/edwinfinch/pebble-dev/PebbleSDK-3.0-dp1/Pebble/basalt/lib/libpebble.a(tmppDYYCYpebble.o)
 .text.atan2_lookup
                0x0000000000000000        0xc /Users/edwinfinch/pebble-dev/PebbleSDK-3.0-dp1/Pebble/basalt/lib/libpebble.a(tmppDYYCYpebble.o)
 .text.atoi     0x0000000000000000        0xc /Users/edwinfinch/pebble-dev/PebbleSDK-3.0-dp1/Pebble/basalt/lib/libpebble.a(tmppDYYCYpebble.o)
 .text.atol     0x0000000000000000        0xc /Users/edwinfinch/pebble-dev/PebbleSDK-3.0-dp1/Pebble/basalt/lib/libpebble.a(tmppDYYCYpebble.o)
 .text.battery_state_service_peek
                0x0000000000000000        0xc /Users/edwinfinch/pebble-dev/PebbleSDK-3.0-dp1/Pebble/basalt/lib/libpebble.a(tmppDYYCYpebble.o)
 .text.battery_state_service_subscribe
                0x0000000000000000        0xc /Users/edwinfinch/pebble-dev/PebbleSDK-3.0-dp1/Pebble/basalt/lib/libpebble.a(tmppDYYCYpebble.o)
 .text.battery_state_service_unsubscribe
                0x0000000000000000        0xc /Users/edwinfinch/pebble-dev/PebbleSDK-3.0-dp1/Pebble/basalt/lib/libpebble.a(tmppDYYCYpebble.o)
 .text.bitmap_layer_destroy
                0x0000000000000000        0xc /Users/edwinfinch/pebble-dev/PebbleSDK-3.0-dp1/Pebble/basalt/lib/libpebble.a(tmppDYYCYpebble.o)
 .text.bitmap_layer_set_alignment
                0x0000000000000000        0xc /Users/edwinfinch/pebble-dev/PebbleSDK-3.0-dp1/Pebble/basalt/lib/libpebble.a(tmppDYYCYpebble.o)
 .text.bitmap_layer_set_background_color_2bit
                0x0000000000000000        0xc /Users/edwinfinch/pebble-dev/PebbleSDK-3.0-dp1/Pebble/basalt/lib/libpebble.a(tmppDYYCYpebble.o)
 .text.bitmap_layer_set_compositing_mode
                0x0000000000000000        0xc /Users/edwinfinch/pebble-dev/PebbleSDK-3.0-dp1/Pebble/basalt/lib/libpebble.a(tmppDYYCYpebble.o)
 .text.bluetooth_connection_service_peek
                0x0000000000000000        0xc /Users/edwinfinch/pebble-dev/PebbleSDK-3.0-dp1/Pebble/basalt/lib/libpebble.a(tmppDYYCYpebble.o)
 .text.bluetooth_connection_service_subscribe
                0x0000000000000000        0xc /Users/edwinfinch/pebble-dev/PebbleSDK-3.0-dp1/Pebble/basalt/lib/libpebble.a(tmppDYYCYpebble.o)
 .text.bluetooth_connection_service_unsubscribe
                0x0000000000000000        0xc /Users/edwinfinch/pebble-dev/PebbleSDK-3.0-dp1/Pebble/basalt/lib/libpebble.a(tmppDYYCYpebble.o)
 .text.click_number_of_clicks_counted
                0x0000000000000000        0xc /Users/edwinfinch/pebble-dev/PebbleSDK-3.0-dp1/Pebble/basalt/lib/libpebble.a(tmppDYYCYpebble.o)
 .text.click_recognizer_get_button_id
                0x0000000000000000        0xc /Users/edwinfinch/pebble-dev/PebbleSDK-3.0-dp1/Pebble/basalt/lib/libpebble.a(tmppDYYCYpebble.o)
 .text.clock_copy_time_string
                0x0000000000000000        0xc /Users/edwinfinch/pebble-dev/PebbleSDK-3.0-dp1/Pebble/basalt/lib/libpebble.a(tmppDYYCYpebble.o)
 .text.cos_lookup
                0x0000000000000000        0xc /Users/edwinfinch/pebble-dev/PebbleSDK-3.0-dp1/Pebble/basalt/lib/libpebble.a(tmppDYYCYpebble.o)
 .text.data_logging_create
                0x0000000000000000        0xc /Users/edwinfinch/pebble-dev/PebbleSDK-3.0-dp1/Pebble/basalt/lib/libpebble.a(tmppDYYCYpebble.o)
 .text.data_logging_finish
                0x0000000000000000        0xc /Users/edwinfinch/pebble-dev/PebbleSDK-3.0-dp1/Pebble/basalt/lib/libpebble.a(tmppDYYCYpebble.o)
 .text.data_logging_log
                0x0000000000000000        0xc /Users/edwinfinch/pebble-dev/PebbleSDK-3.0-dp1/Pebble/basalt/lib/libpebble.a(tmppDYYCYpebble.o)
 .text.dict_calc_buffer_size
                0x0000000000000000        0xc /Users/edwinfinch/pebble-dev/PebbleSDK-3.0-dp1/Pebble/basalt/lib/libpebble.a(tmppDYYCYpebble.o)
 .text.dict_calc_buffer_size_from_tuplets
                0x0000000000000000        0xc /Users/edwinfinch/pebble-dev/PebbleSDK-3.0-dp1/Pebble/basalt/lib/libpebble.a(tmppDYYCYpebble.o)
 .text.dict_find
                0x0000000000000000        0xc /Users/edwinfinch/pebble-dev/PebbleSDK-3.0-dp1/Pebble/basalt/lib/libpebble.a(tmppDYYCYpebble.o)
 .text.dict_merge
                0x0000000000000000        0xc /Users/edwinfinch/pebble-dev/PebbleSDK-3.0-dp1/Pebble/basalt/lib/libpebble.a(tmppDYYCYpebble.o)
 .text.dict_read_begin_from_buffer
                0x0000000000000000        0xc /Users/edwinfinch/pebble-dev/PebbleSDK-3.0-dp1/Pebble/basalt/lib/libpebble.a(tmppDYYCYpebble.o)
 .text.dict_read_first
                0x0000000000000000        0xc /Users/edwinfinch/pebble-dev/PebbleSDK-3.0-dp1/Pebble/basalt/lib/libpebble.a(tmppDYYCYpebble.o)
 .text.dict_read_next
                0x0000000000000000        0xc /Users/edwinfinch/pebble-dev/PebbleSDK-3.0-dp1/Pebble/basalt/lib/libpebble.a(tmppDYYCYpebble.o)
 .text.dict_serialize_tuplets
                0x0000000000000000        0xc /Users/edwinfinch/pebble-dev/PebbleSDK-3.0-dp1/Pebble/basalt/lib/libpebble.a(tmppDYYCYpebble.o)
 .text.dict_serialize_tuplets_to_buffer__deprecated
                0x0000000000000000        0xc /Users/edwinfinch/pebble-dev/PebbleSDK-3.0-dp1/Pebble/basalt/lib/libpebble.a(tmppDYYCYpebble.o)
 .text.dict_serialize_tuplets_to_buffer_with_iter
                0x0000000000000000        0xc /Users/edwinfinch/pebble-dev/PebbleSDK-3.0-dp1/Pebble/basalt/lib/libpebble.a(tmppDYYCYpebble.o)
 .text.dict_write_begin
                0x0000000000000000        0xc /Users/edwinfinch/pebble-dev/PebbleSDK-3.0-dp1/Pebble/basalt/lib/libpebble.a(tmppDYYCYpebble.o)
 .text.dict_write_cstring
                0x0000000000000000        0xc /Users/edwinfinch/pebble-dev/PebbleSDK-3.0-dp1/Pebble/basalt/lib/libpebble.a(tmppDYYCYpebble.o)
 .text.dict_write_data
                0x0000000000000000        0xc /Users/edwinfinch/pebble-dev/PebbleSDK-3.0-dp1/Pebble/basalt/lib/libpebble.a(tmppDYYCYpebble.o)
 .text.dict_write_end
                0x0000000000000000        0xc /Users/edwinfinch/pebble-dev/PebbleSDK-3.0-dp1/Pebble/basalt/lib/libpebble.a(tmppDYYCYpebble.o)
 .text.dict_write_int
                0x0000000000000000        0xc /Users/edwinfinch/pebble-dev/PebbleSDK-3.0-dp1/Pebble/basalt/lib/libpebble.a(tmppDYYCYpebble.o)
 .text.dict_write_int16
                0x0000000000000000        0xc /Users/edwinfinch/pebble-dev/PebbleSDK-3.0-dp1/Pebble/basalt/lib/libpebble.a(tmppDYYCYpebble.o)
 .text.dict_write_int32
                0x0000000000000000        0xc /Users/edwinfinch/pebble-dev/PebbleSDK-3.0-dp1/Pebble/basalt/lib/libpebble.a(tmppDYYCYpebble.o)
 .text.dict_write_int8
                0x0000000000000000        0xc /Users/edwinfinch/pebble-dev/PebbleSDK-3.0-dp1/Pebble/basalt/lib/libpebble.a(tmppDYYCYpebble.o)
 .text.dict_write_tuplet
                0x0000000000000000        0xc /Users/edwinfinch/pebble-dev/PebbleSDK-3.0-dp1/Pebble/basalt/lib/libpebble.a(tmppDYYCYpebble.o)
 .text.dict_write_uint16
                0x0000000000000000        0xc /Users/edwinfinch/pebble-dev/PebbleSDK-3.0-dp1/Pebble/basalt/lib/libpebble.a(tmppDYYCYpebble.o)
 .text.dict_write_uint32
                0x0000000000000000        0xc /Users/edwinfinch/pebble-dev/PebbleSDK-3.0-dp1/Pebble/basalt/lib/libpebble.a(tmppDYYCYpebble.o)
 .text.dict_write_uint8
                0x0000000000000000        0xc /Users/edwinfinch/pebble-dev/PebbleSDK-3.0-dp1/Pebble/basalt/lib/libpebble.a(tmppDYYCYpebble.o)
 .text.fonts_load_custom_font
                0x0000000000000000        0xc /Users/edwinfinch/pebble-dev/PebbleSDK-3.0-dp1/Pebble/basalt/lib/libpebble.a(tmppDYYCYpebble.o)
 .text.fonts_unload_custom_font
                0x0000000000000000        0xc /Users/edwinfinch/pebble-dev/PebbleSDK-3.0-dp1/Pebble/basalt/lib/libpebble.a(tmppDYYCYpebble.o)
 .text.free     0x0000000000000000        0xc /Users/edwinfinch/pebble-dev/PebbleSDK-3.0-dp1/Pebble/basalt/lib/libpebble.a(tmppDYYCYpebble.o)
 .text.gbitmap_create_as_sub_bitmap
                0x0000000000000000        0xc /Users/edwinfinch/pebble-dev/PebbleSDK-3.0-dp1/Pebble/basalt/lib/libpebble.a(tmppDYYCYpebble.o)
 .text.gbitmap_create_with_data
                0x0000000000000000        0xc /Users/edwinfinch/pebble-dev/PebbleSDK-3.0-dp1/Pebble/basalt/lib/libpebble.a(tmppDYYCYpebble.o)
 .text.gbitmap_destroy
                0x0000000000000000        0xc /Users/edwinfinch/pebble-dev/PebbleSDK-3.0-dp1/Pebble/basalt/lib/libpebble.a(tmppDYYCYpebble.o)
 .text.gmtime__deprecated
                0x0000000000000000        0xc /Users/edwinfinch/pebble-dev/PebbleSDK-3.0-dp1/Pebble/basalt/lib/libpebble.a(tmppDYYCYpebble.o)
 .text.gpath_create
                0x0000000000000000        0xc /Users/edwinfinch/pebble-dev/PebbleSDK-3.0-dp1/Pebble/basalt/lib/libpebble.a(tmppDYYCYpebble.o)
 .text.gpath_destroy
                0x0000000000000000        0xc /Users/edwinfinch/pebble-dev/PebbleSDK-3.0-dp1/Pebble/basalt/lib/libpebble.a(tmppDYYCYpebble.o)
 .text.gpath_draw_filled_legacy
                0x0000000000000000        0xc /Users/edwinfinch/pebble-dev/PebbleSDK-3.0-dp1/Pebble/basalt/lib/libpebble.a(tmppDYYCYpebble.o)
 .text.gpath_draw_outline
                0x0000000000000000        0xc /Users/edwinfinch/pebble-dev/PebbleSDK-3.0-dp1/Pebble/basalt/lib/libpebble.a(tmppDYYCYpebble.o)
 .text.gpath_move_to
                0x0000000000000000        0xc /Users/edwinfinch/pebble-dev/PebbleSDK-3.0-dp1/Pebble/basalt/lib/libpebble.a(tmppDYYCYpebble.o)
 .text.gpath_rotate_to
                0x0000000000000000        0xc /Users/edwinfinch/pebble-dev/PebbleSDK-3.0-dp1/Pebble/basalt/lib/libpebble.a(tmppDYYCYpebble.o)
 .text.gpoint_equal
                0x0000000000000000        0xc /Users/edwinfinch/pebble-dev/PebbleSDK-3.0-dp1/Pebble/basalt/lib/libpebble.a(tmppDYYCYpebble.o)
 .text.graphics_context_set_compositing_mode
                0x0000000000000000        0xc /Users/edwinfinch/pebble-dev/PebbleSDK-3.0-dp1/Pebble/basalt/lib/libpebble.a(tmppDYYCYpebble.o)
 .text.graphics_context_set_fill_color_2bit
                0x0000000000000000        0xc /Users/edwinfinch/pebble-dev/PebbleSDK-3.0-dp1/Pebble/basalt/lib/libpebble.a(tmppDYYCYpebble.o)
 .text.graphics_context_set_stroke_color_2bit
                0x0000000000000000        0xc /Users/edwinfinch/pebble-dev/PebbleSDK-3.0-dp1/Pebble/basalt/lib/libpebble.a(tmppDYYCYpebble.o)
 .text.graphics_context_set_text_color_2bit
                0x0000000000000000        0xc /Users/edwinfinch/pebble-dev/PebbleSDK-3.0-dp1/Pebble/basalt/lib/libpebble.a(tmppDYYCYpebble.o)
 .text.graphics_draw_bitmap_in_rect
                0x0000000000000000        0xc /Users/edwinfinch/pebble-dev/PebbleSDK-3.0-dp1/Pebble/basalt/lib/libpebble.a(tmppDYYCYpebble.o)
 .text.graphics_draw_circle
                0x0000000000000000        0xc /Users/edwinfinch/pebble-dev/PebbleSDK-3.0-dp1/Pebble/basalt/lib/libpebble.a(tmppDYYCYpebble.o)
 .text.graphics_draw_line
                0x0000000000000000        0xc /Users/edwinfinch/pebble-dev/PebbleSDK-3.0-dp1/Pebble/basalt/lib/libpebble.a(tmppDYYCYpebble.o)
 .text.graphics_draw_pixel
                0x0000000000000000        0xc /Users/edwinfinch/pebble-dev/PebbleSDK-3.0-dp1/Pebble/basalt/lib/libpebble.a(tmppDYYCYpebble.o)
 .text.graphics_draw_rect
                0x0000000000000000        0xc /Users/edwinfinch/pebble-dev/PebbleSDK-3.0-dp1/Pebble/basalt/lib/libpebble.a(tmppDYYCYpebble.o)
 .text.graphics_draw_round_rect
                0x0000000000000000        0xc /Users/edwinfinch/pebble-dev/PebbleSDK-3.0-dp1/Pebble/basalt/lib/libpebble.a(tmppDYYCYpebble.o)
 .text.graphics_fill_circle
                0x0000000000000000        0xc /Users/edwinfinch/pebble-dev/PebbleSDK-3.0-dp1/Pebble/basalt/lib/libpebble.a(tmppDYYCYpebble.o)
 .text.graphics_fill_rect
                0x0000000000000000        0xc /Users/edwinfinch/pebble-dev/PebbleSDK-3.0-dp1/Pebble/basalt/lib/libpebble.a(tmppDYYCYpebble.o)
 .text.graphics_text_layout_get_max_used_size
                0x0000000000000000        0xc /Users/edwinfinch/pebble-dev/PebbleSDK-3.0-dp1/Pebble/basalt/lib/libpebble.a(tmppDYYCYpebble.o)
 .text.grect_align
                0x0000000000000000        0xc /Users/edwinfinch/pebble-dev/PebbleSDK-3.0-dp1/Pebble/basalt/lib/libpebble.a(tmppDYYCYpebble.o)
 .text.grect_center_point
                0x0000000000000000        0xc /Users/edwinfinch/pebble-dev/PebbleSDK-3.0-dp1/Pebble/basalt/lib/libpebble.a(tmppDYYCYpebble.o)
 .text.grect_clip
                0x0000000000000000        0xc /Users/edwinfinch/pebble-dev/PebbleSDK-3.0-dp1/Pebble/basalt/lib/libpebble.a(tmppDYYCYpebble.o)
 .text.grect_contains_point
                0x0000000000000000        0xc /Users/edwinfinch/pebble-dev/PebbleSDK-3.0-dp1/Pebble/basalt/lib/libpebble.a(tmppDYYCYpebble.o)
 .text.grect_crop
                0x0000000000000000        0xc /Users/edwinfinch/pebble-dev/PebbleSDK-3.0-dp1/Pebble/basalt/lib/libpebble.a(tmppDYYCYpebble.o)
 .text.grect_equal
                0x0000000000000000        0xc /Users/edwinfinch/pebble-dev/PebbleSDK-3.0-dp1/Pebble/basalt/lib/libpebble.a(tmppDYYCYpebble.o)
 .text.grect_is_empty
                0x0000000000000000        0xc /Users/edwinfinch/pebble-dev/PebbleSDK-3.0-dp1/Pebble/basalt/lib/libpebble.a(tmppDYYCYpebble.o)
 .text.grect_standardize
                0x0000000000000000        0xc /Users/edwinfinch/pebble-dev/PebbleSDK-3.0-dp1/Pebble/basalt/lib/libpebble.a(tmppDYYCYpebble.o)
 .text.gsize_equal
                0x0000000000000000        0xc /Users/edwinfinch/pebble-dev/PebbleSDK-3.0-dp1/Pebble/basalt/lib/libpebble.a(tmppDYYCYpebble.o)
 .text.inverter_layer_create
                0x0000000000000000        0xc /Users/edwinfinch/pebble-dev/PebbleSDK-3.0-dp1/Pebble/basalt/lib/libpebble.a(tmppDYYCYpebble.o)
 .text.inverter_layer_destroy
                0x0000000000000000        0xc /Users/edwinfinch/pebble-dev/PebbleSDK-3.0-dp1/Pebble/basalt/lib/libpebble.a(tmppDYYCYpebble.o)
 .text.inverter_layer_get_layer
                0x0000000000000000        0xc /Users/edwinfinch/pebble-dev/PebbleSDK-3.0-dp1/Pebble/basalt/lib/libpebble.a(tmppDYYCYpebble.o)
 .text.layer_create
                0x0000000000000000        0xc /Users/edwinfinch/pebble-dev/PebbleSDK-3.0-dp1/Pebble/basalt/lib/libpebble.a(tmppDYYCYpebble.o)
 .text.layer_create_with_data
                0x0000000000000000        0xc /Users/edwinfinch/pebble-dev/PebbleSDK-3.0-dp1/Pebble/basalt/lib/libpebble.a(tmppDYYCYpebble.o)
 .text.layer_destroy
                0x0000000000000000        0xc /Users/edwinfinch/pebble-dev/PebbleSDK-3.0-dp1/Pebble/basalt/lib/libpebble.a(tmppDYYCYpebble.o)
 .text.layer_get_bounds
                0x0000000000000000        0xc /Users/edwinfinch/pebble-dev/PebbleSDK-3.0-dp1/Pebble/basalt/lib/libpebble.a(tmppDYYCYpebble.o)
 .text.layer_get_clips
                0x0000000000000000        0xc /Users/edwinfinch/pebble-dev/PebbleSDK-3.0-dp1/Pebble/basalt/lib/libpebble.a(tmppDYYCYpebble.o)
 .text.layer_get_data
                0x0000000000000000        0xc /Users/edwinfinch/pebble-dev/PebbleSDK-3.0-dp1/Pebble/basalt/lib/libpebble.a(tmppDYYCYpebble.o)
 .text.layer_get_frame
                0x0000000000000000        0xc /Users/edwinfinch/pebble-dev/PebbleSDK-3.0-dp1/Pebble/basalt/lib/libpebble.a(tmppDYYCYpebble.o)
 .text.layer_get_hidden
                0x0000000000000000        0xc /Users/edwinfinch/pebble-dev/PebbleSDK-3.0-dp1/Pebble/basalt/lib/libpebble.a(tmppDYYCYpebble.o)
 .text.layer_get_window
                0x0000000000000000        0xc /Users/edwinfinch/pebble-dev/PebbleSDK-3.0-dp1/Pebble/basalt/lib/libpebble.a(tmppDYYCYpebble.o)
 .text.layer_insert_above_sibling
                0x0000000000000000        0xc /Users/edwinfinch/pebble-dev/PebbleSDK-3.0-dp1/Pebble/basalt/lib/libpebble.a(tmppDYYCYpebble.o)
 .text.layer_insert_below_sibling
                0x0000000000000000        0xc /Users/edwinfinch/pebble-dev/PebbleSDK-3.0-dp1/Pebble/basalt/lib/libpebble.a(tmppDYYCYpebble.o)
 .text.layer_mark_dirty
                0x0000000000000000        0xc /Users/edwinfinch/pebble-dev/PebbleSDK-3.0-dp1/Pebble/basalt/lib/libpebble.a(tmppDYYCYpebble.o)
 .text.layer_remove_child_layers
                0x0000000000000000        0xc /Users/edwinfinch/pebble-dev/PebbleSDK-3.0-dp1/Pebble/basalt/lib/libpebble.a(tmppDYYCYpebble.o)
 .text.layer_remove_from_parent
                0x0000000000000000        0xc /Users/edwinfinch/pebble-dev/PebbleSDK-3.0-dp1/Pebble/basalt/lib/libpebble.a(tmppDYYCYpebble.o)
 .text.layer_set_bounds
                0x0000000000000000        0xc /Users/edwinfinch/pebble-dev/PebbleSDK-3.0-dp1/Pebble/basalt/lib/libpebble.a(tmppDYYCYpebble.o)
 .text.layer_set_clips
                0x0000000000000000        0xc /Users/edwinfinch/pebble-dev/PebbleSDK-3.0-dp1/Pebble/basalt/lib/libpebble.a(tmppDYYCYpebble.o)
 .text.layer_set_frame
                0x0000000000000000        0xc /Users/edwinfinch/pebble-dev/PebbleSDK-3.0-dp1/Pebble/basalt/lib/libpebble.a(tmppDYYCYpebble.o)
 .text.layer_set_hidden
                0x0000000000000000        0xc /Users/edwinfinch/pebble-dev/PebbleSDK-3.0-dp1/Pebble/basalt/lib/libpebble.a(tmppDYYCYpebble.o)
 .text.layer_set_update_proc
                0x0000000000000000        0xc /Users/edwinfinch/pebble-dev/PebbleSDK-3.0-dp1/Pebble/basalt/lib/libpebble.a(tmppDYYCYpebble.o)
 .text.light_enable
                0x0000000000000000        0xc /Users/edwinfinch/pebble-dev/PebbleSDK-3.0-dp1/Pebble/basalt/lib/libpebble.a(tmppDYYCYpebble.o)
 .text.light_enable_interaction
                0x0000000000000000        0xc /Users/edwinfinch/pebble-dev/PebbleSDK-3.0-dp1/Pebble/basalt/lib/libpebble.a(tmppDYYCYpebble.o)
 .text.malloc   0x0000000000000000        0xc /Users/edwinfinch/pebble-dev/PebbleSDK-3.0-dp1/Pebble/basalt/lib/libpebble.a(tmppDYYCYpebble.o)
 .text.memcpy   0x0000000000000000        0xc /Users/edwinfinch/pebble-dev/PebbleSDK-3.0-dp1/Pebble/basalt/lib/libpebble.a(tmppDYYCYpebble.o)
 .text.memmove  0x0000000000000000        0xc /Users/edwinfinch/pebble-dev/PebbleSDK-3.0-dp1/Pebble/basalt/lib/libpebble.a(tmppDYYCYpebble.o)
 .text.menu_cell_basic_draw
                0x0000000000000000        0xc /Users/edwinfinch/pebble-dev/PebbleSDK-3.0-dp1/Pebble/basalt/lib/libpebble.a(tmppDYYCYpebble.o)
 .text.menu_cell_basic_header_draw
                0x0000000000000000        0xc /Users/edwinfinch/pebble-dev/PebbleSDK-3.0-dp1/Pebble/basalt/lib/libpebble.a(tmppDYYCYpebble.o)
 .text.menu_cell_title_draw
                0x0000000000000000        0xc /Users/edwinfinch/pebble-dev/PebbleSDK-3.0-dp1/Pebble/basalt/lib/libpebble.a(tmppDYYCYpebble.o)
 .text.menu_index_compare
                0x0000000000000000        0xc /Users/edwinfinch/pebble-dev/PebbleSDK-3.0-dp1/Pebble/basalt/lib/libpebble.a(tmppDYYCYpebble.o)
 .text.menu_layer_create
                0x0000000000000000        0xc /Users/edwinfinch/pebble-dev/PebbleSDK-3.0-dp1/Pebble/basalt/lib/libpebble.a(tmppDYYCYpebble.o)
 .text.menu_layer_destroy
                0x0000000000000000        0xc /Users/edwinfinch/pebble-dev/PebbleSDK-3.0-dp1/Pebble/basalt/lib/libpebble.a(tmppDYYCYpebble.o)
 .text.menu_layer_get_layer
                0x0000000000000000        0xc /Users/edwinfinch/pebble-dev/PebbleSDK-3.0-dp1/Pebble/basalt/lib/libpebble.a(tmppDYYCYpebble.o)
 .text.menu_layer_get_scroll_layer
                0x0000000000000000        0xc /Users/edwinfinch/pebble-dev/PebbleSDK-3.0-dp1/Pebble/basalt/lib/libpebble.a(tmppDYYCYpebble.o)
 .text.menu_layer_get_selected_index
                0x0000000000000000        0xc /Users/edwinfinch/pebble-dev/PebbleSDK-3.0-dp1/Pebble/basalt/lib/libpebble.a(tmppDYYCYpebble.o)
 .text.menu_layer_reload_data
                0x0000000000000000        0xc /Users/edwinfinch/pebble-dev/PebbleSDK-3.0-dp1/Pebble/basalt/lib/libpebble.a(tmppDYYCYpebble.o)
 .text.menu_layer_set_callbacks__deprecated
                0x0000000000000000        0xc /Users/edwinfinch/pebble-dev/PebbleSDK-3.0-dp1/Pebble/basalt/lib/libpebble.a(tmppDYYCYpebble.o)
 .text.menu_layer_set_click_config_onto_window
                0x0000000000000000        0xc /Users/edwinfinch/pebble-dev/PebbleSDK-3.0-dp1/Pebble/basalt/lib/libpebble.a(tmppDYYCYpebble.o)
 .text.menu_layer_set_selected_index
                0x0000000000000000        0xc /Users/edwinfinch/pebble-dev/PebbleSDK-3.0-dp1/Pebble/basalt/lib/libpebble.a(tmppDYYCYpebble.o)
 .text.menu_layer_set_selected_next
                0x0000000000000000        0xc /Users/edwinfinch/pebble-dev/PebbleSDK-3.0-dp1/Pebble/basalt/lib/libpebble.a(tmppDYYCYpebble.o)
 .text.number_window_create
                0x0000000000000000        0xc /Users/edwinfinch/pebble-dev/PebbleSDK-3.0-dp1/Pebble/basalt/lib/libpebble.a(tmppDYYCYpebble.o)
 .text.number_window_destroy
                0x0000000000000000        0xc /Users/edwinfinch/pebble-dev/PebbleSDK-3.0-dp1/Pebble/basalt/lib/libpebble.a(tmppDYYCYpebble.o)
 .text.number_window_get_value
                0x0000000000000000        0xc /Users/edwinfinch/pebble-dev/PebbleSDK-3.0-dp1/Pebble/basalt/lib/libpebble.a(tmppDYYCYpebble.o)
 .text.number_window_set_label
                0x0000000000000000        0xc /Users/edwinfinch/pebble-dev/PebbleSDK-3.0-dp1/Pebble/basalt/lib/libpebble.a(tmppDYYCYpebble.o)
 .text.number_window_set_max
                0x0000000000000000        0xc /Users/edwinfinch/pebble-dev/PebbleSDK-3.0-dp1/Pebble/basalt/lib/libpebble.a(tmppDYYCYpebble.o)
 .text.number_window_set_min
                0x0000000000000000        0xc /Users/edwinfinch/pebble-dev/PebbleSDK-3.0-dp1/Pebble/basalt/lib/libpebble.a(tmppDYYCYpebble.o)
 .text.number_window_set_step_size
                0x0000000000000000        0xc /Users/edwinfinch/pebble-dev/PebbleSDK-3.0-dp1/Pebble/basalt/lib/libpebble.a(tmppDYYCYpebble.o)
 .text.number_window_set_value
                0x0000000000000000        0xc /Users/edwinfinch/pebble-dev/PebbleSDK-3.0-dp1/Pebble/basalt/lib/libpebble.a(tmppDYYCYpebble.o)
 .text.persist_delete
                0x0000000000000000        0xc /Users/edwinfinch/pebble-dev/PebbleSDK-3.0-dp1/Pebble/basalt/lib/libpebble.a(tmppDYYCYpebble.o)
 .text.persist_exists
                0x0000000000000000        0xc /Users/edwinfinch/pebble-dev/PebbleSDK-3.0-dp1/Pebble/basalt/lib/libpebble.a(tmppDYYCYpebble.o)
 .text.persist_get_size
                0x0000000000000000        0xc /Users/edwinfinch/pebble-dev/PebbleSDK-3.0-dp1/Pebble/basalt/lib/libpebble.a(tmppDYYCYpebble.o)
 .text.persist_read_bool
                0x0000000000000000        0xc /Users/edwinfinch/pebble-dev/PebbleSDK-3.0-dp1/Pebble/basalt/lib/libpebble.a(tmppDYYCYpebble.o)
 .text.persist_read_data__deprecated
                0x0000000000000000        0xc /Users/edwinfinch/pebble-dev/PebbleSDK-3.0-dp1/Pebble/basalt/lib/libpebble.a(tmppDYYCYpebble.o)
 .text.persist_read_int
                0x0000000000000000        0xc /Users/edwinfinch/pebble-dev/PebbleSDK-3.0-dp1/Pebble/basalt/lib/libpebble.a(tmppDYYCYpebble.o)
 .text.persist_read_string__deprecated
                0x0000000000000000        0xc /Users/edwinfinch/pebble-dev/PebbleSDK-3.0-dp1/Pebble/basalt/lib/libpebble.a(tmppDYYCYpebble.o)
 .text.persist_write_bool
                0x0000000000000000        0xc /Users/edwinfinch/pebble-dev/PebbleSDK-3.0-dp1/Pebble/basalt/lib/libpebble.a(tmppDYYCYpebble.o)
 .text.persist_write_data__deprecated
                0x0000000000000000        0xc /Users/edwinfinch/pebble-dev/PebbleSDK-3.0-dp1/Pebble/basalt/lib/libpebble.a(tmppDYYCYpebble.o)
 .text.persist_write_int
                0x0000000000000000        0xc /Users/edwinfinch/pebble-dev/PebbleSDK-3.0-dp1/Pebble/basalt/lib/libpebble.a(tmppDYYCYpebble.o)
 .text.persist_write_string
                0x0000000000000000        0xc /Users/edwinfinch/pebble-dev/PebbleSDK-3.0-dp1/Pebble/basalt/lib/libpebble.a(tmppDYYCYpebble.o)
 .text.property_animation_legacy2_create
                0x0000000000000000        0xc /Users/edwinfinch/pebble-dev/PebbleSDK-3.0-dp1/Pebble/basalt/lib/libpebble.a(tmppDYYCYpebble.o)
 .text.property_animation_legacy2_create_layer_frame
                0x0000000000000000        0xc /Users/edwinfinch/pebble-dev/PebbleSDK-3.0-dp1/Pebble/basalt/lib/libpebble.a(tmppDYYCYpebble.o)
 .text.property_animation_legacy2_destroy
                0x0000000000000000        0xc /Users/edwinfinch/pebble-dev/PebbleSDK-3.0-dp1/Pebble/basalt/lib/libpebble.a(tmppDYYCYpebble.o)
 .text.property_animation_legacy2_update_gpoint
                0x0000000000000000        0xc /Users/edwinfinch/pebble-dev/PebbleSDK-3.0-dp1/Pebble/basalt/lib/libpebble.a(tmppDYYCYpebble.o)
 .text.property_animation_legacy2_update_grect
                0x0000000000000000        0xc /Users/edwinfinch/pebble-dev/PebbleSDK-3.0-dp1/Pebble/basalt/lib/libpebble.a(tmppDYYCYpebble.o)
 .text.property_animation_legacy2_update_int16
                0x0000000000000000        0xc /Users/edwinfinch/pebble-dev/PebbleSDK-3.0-dp1/Pebble/basalt/lib/libpebble.a(tmppDYYCYpebble.o)
 .text.psleep   0x0000000000000000        0xc /Users/edwinfinch/pebble-dev/PebbleSDK-3.0-dp1/Pebble/basalt/lib/libpebble.a(tmppDYYCYpebble.o)
 .text.rand     0x0000000000000000        0xc /Users/edwinfinch/pebble-dev/PebbleSDK-3.0-dp1/Pebble/basalt/lib/libpebble.a(tmppDYYCYpebble.o)
 .text.resource_get_handle
                0x0000000000000000        0xc /Users/edwinfinch/pebble-dev/PebbleSDK-3.0-dp1/Pebble/basalt/lib/libpebble.a(tmppDYYCYpebble.o)
 .text.resource_load
                0x0000000000000000        0xc /Users/edwinfinch/pebble-dev/PebbleSDK-3.0-dp1/Pebble/basalt/lib/libpebble.a(tmppDYYCYpebble.o)
 .text.resource_load_byte_range
                0x0000000000000000        0xc /Users/edwinfinch/pebble-dev/PebbleSDK-3.0-dp1/Pebble/basalt/lib/libpebble.a(tmppDYYCYpebble.o)
 .text.resource_size
                0x0000000000000000        0xc /Users/edwinfinch/pebble-dev/PebbleSDK-3.0-dp1/Pebble/basalt/lib/libpebble.a(tmppDYYCYpebble.o)
 .text.rot_bitmap_layer_create
                0x0000000000000000        0xc /Users/edwinfinch/pebble-dev/PebbleSDK-3.0-dp1/Pebble/basalt/lib/libpebble.a(tmppDYYCYpebble.o)
 .text.rot_bitmap_layer_destroy
                0x0000000000000000        0xc /Users/edwinfinch/pebble-dev/PebbleSDK-3.0-dp1/Pebble/basalt/lib/libpebble.a(tmppDYYCYpebble.o)
 .text.rot_bitmap_layer_increment_angle
                0x0000000000000000        0xc /Users/edwinfinch/pebble-dev/PebbleSDK-3.0-dp1/Pebble/basalt/lib/libpebble.a(tmppDYYCYpebble.o)
 .text.rot_bitmap_layer_set_angle
                0x0000000000000000        0xc /Users/edwinfinch/pebble-dev/PebbleSDK-3.0-dp1/Pebble/basalt/lib/libpebble.a(tmppDYYCYpebble.o)
 .text.rot_bitmap_layer_set_corner_clip_color_2bit
                0x0000000000000000        0xc /Users/edwinfinch/pebble-dev/PebbleSDK-3.0-dp1/Pebble/basalt/lib/libpebble.a(tmppDYYCYpebble.o)
 .text.rot_bitmap_set_compositing_mode
                0x0000000000000000        0xc /Users/edwinfinch/pebble-dev/PebbleSDK-3.0-dp1/Pebble/basalt/lib/libpebble.a(tmppDYYCYpebble.o)
 .text.rot_bitmap_set_src_ic
                0x0000000000000000        0xc /Users/edwinfinch/pebble-dev/PebbleSDK-3.0-dp1/Pebble/basalt/lib/libpebble.a(tmppDYYCYpebble.o)
 .text.scroll_layer_add_child
                0x0000000000000000        0xc /Users/edwinfinch/pebble-dev/PebbleSDK-3.0-dp1/Pebble/basalt/lib/libpebble.a(tmppDYYCYpebble.o)
 .text.scroll_layer_create
                0x0000000000000000        0xc /Users/edwinfinch/pebble-dev/PebbleSDK-3.0-dp1/Pebble/basalt/lib/libpebble.a(tmppDYYCYpebble.o)
 .text.scroll_layer_destroy
                0x0000000000000000        0xc /Users/edwinfinch/pebble-dev/PebbleSDK-3.0-dp1/Pebble/basalt/lib/libpebble.a(tmppDYYCYpebble.o)
 .text.scroll_layer_get_content_offset
                0x0000000000000000        0xc /Users/edwinfinch/pebble-dev/PebbleSDK-3.0-dp1/Pebble/basalt/lib/libpebble.a(tmppDYYCYpebble.o)
 .text.scroll_layer_get_content_size
                0x0000000000000000        0xc /Users/edwinfinch/pebble-dev/PebbleSDK-3.0-dp1/Pebble/basalt/lib/libpebble.a(tmppDYYCYpebble.o)
 .text.scroll_layer_get_layer
                0x0000000000000000        0xc /Users/edwinfinch/pebble-dev/PebbleSDK-3.0-dp1/Pebble/basalt/lib/libpebble.a(tmppDYYCYpebble.o)
 .text.scroll_layer_get_shadow_hidden
                0x0000000000000000        0xc /Users/edwinfinch/pebble-dev/PebbleSDK-3.0-dp1/Pebble/basalt/lib/libpebble.a(tmppDYYCYpebble.o)
 .text.scroll_layer_scroll_down_click_handler
                0x0000000000000000        0xc /Users/edwinfinch/pebble-dev/PebbleSDK-3.0-dp1/Pebble/basalt/lib/libpebble.a(tmppDYYCYpebble.o)
 .text.scroll_layer_scroll_up_click_handler
                0x0000000000000000        0xc /Users/edwinfinch/pebble-dev/PebbleSDK-3.0-dp1/Pebble/basalt/lib/libpebble.a(tmppDYYCYpebble.o)
 .text.scroll_layer_set_callbacks
                0x0000000000000000        0xc /Users/edwinfinch/pebble-dev/PebbleSDK-3.0-dp1/Pebble/basalt/lib/libpebble.a(tmppDYYCYpebble.o)
 .text.scroll_layer_set_click_config_onto_window
                0x0000000000000000        0xc /Users/edwinfinch/pebble-dev/PebbleSDK-3.0-dp1/Pebble/basalt/lib/libpebble.a(tmppDYYCYpebble.o)
 .text.scroll_layer_set_content_offset
                0x0000000000000000        0xc /Users/edwinfinch/pebble-dev/PebbleSDK-3.0-dp1/Pebble/basalt/lib/libpebble.a(tmppDYYCYpebble.o)
 .text.scroll_layer_set_content_size
                0x0000000000000000        0xc /Users/edwinfinch/pebble-dev/PebbleSDK-3.0-dp1/Pebble/basalt/lib/libpebble.a(tmppDYYCYpebble.o)
 .text.scroll_layer_set_context
                0x0000000000000000        0xc /Users/edwinfinch/pebble-dev/PebbleSDK-3.0-dp1/Pebble/basalt/lib/libpebble.a(tmppDYYCYpebble.o)
 .text.scroll_layer_set_frame
                0x0000000000000000        0xc /Users/edwinfinch/pebble-dev/PebbleSDK-3.0-dp1/Pebble/basalt/lib/libpebble.a(tmppDYYCYpebble.o)
 .text.scroll_layer_set_shadow_hidden
                0x0000000000000000        0xc /Users/edwinfinch/pebble-dev/PebbleSDK-3.0-dp1/Pebble/basalt/lib/libpebble.a(tmppDYYCYpebble.o)
 .text.simple_menu_layer_create
                0x0000000000000000        0xc /Users/edwinfinch/pebble-dev/PebbleSDK-3.0-dp1/Pebble/basalt/lib/libpebble.a(tmppDYYCYpebble.o)
 .text.simple_menu_layer_destroy
                0x0000000000000000        0xc /Users/edwinfinch/pebble-dev/PebbleSDK-3.0-dp1/Pebble/basalt/lib/libpebble.a(tmppDYYCYpebble.o)
 .text.simple_menu_layer_get_layer
                0x0000000000000000        0xc /Users/edwinfinch/pebble-dev/PebbleSDK-3.0-dp1/Pebble/basalt/lib/libpebble.a(tmppDYYCYpebble.o)
 .text.simple_menu_layer_get_selected_index
                0x0000000000000000        0xc /Users/edwinfinch/pebble-dev/PebbleSDK-3.0-dp1/Pebble/basalt/lib/libpebble.a(tmppDYYCYpebble.o)
 .text.simple_menu_layer_set_selected_index
                0x0000000000000000        0xc /Users/edwinfinch/pebble-dev/PebbleSDK-3.0-dp1/Pebble/basalt/lib/libpebble.a(tmppDYYCYpebble.o)
 .text.sin_lookup
                0x0000000000000000        0xc /Users/edwinfinch/pebble-dev/PebbleSDK-3.0-dp1/Pebble/basalt/lib/libpebble.a(tmppDYYCYpebble.o)
 .text.snprintf
                0x0000000000000000        0xc /Users/edwinfinch/pebble-dev/PebbleSDK-3.0-dp1/Pebble/basalt/lib/libpebble.a(tmppDYYCYpebble.o)
 .text.srand    0x0000000000000000        0xc /Users/edwinfinch/pebble-dev/PebbleSDK-3.0-dp1/Pebble/basalt/lib/libpebble.a(tmppDYYCYpebble.o)
 .text.strcat   0x0000000000000000        0xc /Users/edwinfinch/pebble-dev/PebbleSDK-3.0-dp1/Pebble/basalt/lib/libpebble.a(tmppDYYCYpebble.o)
 .text.strcmp   0x0000000000000000        0xc /Users/edwinfinch/pebble-dev/PebbleSDK-3.0-dp1/Pebble/basalt/lib/libpebble.a(tmppDYYCYpebble.o)
 .text.strcpy   0x0000000000000000        0xc /Users/edwinfinch/pebble-dev/PebbleSDK-3.0-dp1/Pebble/basalt/lib/libpebble.a(tmppDYYCYpebble.o)
 .text.strlen   0x0000000000000000        0xc /Users/edwinfinch/pebble-dev/PebbleSDK-3.0-dp1/Pebble/basalt/lib/libpebble.a(tmppDYYCYpebble.o)
 .text.strncat  0x0000000000000000        0xc /Users/edwinfinch/pebble-dev/PebbleSDK-3.0-dp1/Pebble/basalt/lib/libpebble.a(tmppDYYCYpebble.o)
 .text.strncmp  0x0000000000000000        0xc /Users/edwinfinch/pebble-dev/PebbleSDK-3.0-dp1/Pebble/basalt/lib/libpebble.a(tmppDYYCYpebble.o)
 .text.strncpy  0x0000000000000000        0xc /Users/edwinfinch/pebble-dev/PebbleSDK-3.0-dp1/Pebble/basalt/lib/libpebble.a(tmppDYYCYpebble.o)
 .text.text_layer_get_content_size
                0x0000000000000000        0xc /Users/edwinfinch/pebble-dev/PebbleSDK-3.0-dp1/Pebble/basalt/lib/libpebble.a(tmppDYYCYpebble.o)
 .text.text_layer_get_text
                0x0000000000000000        0xc /Users/edwinfinch/pebble-dev/PebbleSDK-3.0-dp1/Pebble/basalt/lib/libpebble.a(tmppDYYCYpebble.o)
 .text.text_layer_set_background_color_2bit
                0x0000000000000000        0xc /Users/edwinfinch/pebble-dev/PebbleSDK-3.0-dp1/Pebble/basalt/lib/libpebble.a(tmppDYYCYpebble.o)
 .text.text_layer_set_overflow_mode
                0x0000000000000000        0xc /Users/edwinfinch/pebble-dev/PebbleSDK-3.0-dp1/Pebble/basalt/lib/libpebble.a(tmppDYYCYpebble.o)
 .text.text_layer_set_size
                0x0000000000000000        0xc /Users/edwinfinch/pebble-dev/PebbleSDK-3.0-dp1/Pebble/basalt/lib/libpebble.a(tmppDYYCYpebble.o)
 .text.text_layer_set_text_alignment
                0x0000000000000000        0xc /Users/edwinfinch/pebble-dev/PebbleSDK-3.0-dp1/Pebble/basalt/lib/libpebble.a(tmppDYYCYpebble.o)
 .text.text_layer_set_text_color_2bit
                0x0000000000000000        0xc /Users/edwinfinch/pebble-dev/PebbleSDK-3.0-dp1/Pebble/basalt/lib/libpebble.a(tmppDYYCYpebble.o)
 .text.tick_timer_service_unsubscribe
                0x0000000000000000        0xc /Users/edwinfinch/pebble-dev/PebbleSDK-3.0-dp1/Pebble/basalt/lib/libpebble.a(tmppDYYCYpebble.o)
 .text.time_ms  0x0000000000000000        0xc /Users/edwinfinch/pebble-dev/PebbleSDK-3.0-dp1/Pebble/basalt/lib/libpebble.a(tmppDYYCYpebble.o)
 .text.vibes_cancel
                0x0000000000000000        0xc /Users/edwinfinch/pebble-dev/PebbleSDK-3.0-dp1/Pebble/basalt/lib/libpebble.a(tmppDYYCYpebble.o)
 .text.vibes_double_pulse
                0x0000000000000000        0xc /Users/edwinfinch/pebble-dev/PebbleSDK-3.0-dp1/Pebble/basalt/lib/libpebble.a(tmppDYYCYpebble.o)
 .text.vibes_enqueue_custom_pattern
                0x0000000000000000        0xc /Users/edwinfinch/pebble-dev/PebbleSDK-3.0-dp1/Pebble/basalt/lib/libpebble.a(tmppDYYCYpebble.o)
 .text.vibes_long_pulse
                0x0000000000000000        0xc /Users/edwinfinch/pebble-dev/PebbleSDK-3.0-dp1/Pebble/basalt/lib/libpebble.a(tmppDYYCYpebble.o)
 .text.vibes_short_pulse
                0x0000000000000000        0xc /Users/edwinfinch/pebble-dev/PebbleSDK-3.0-dp1/Pebble/basalt/lib/libpebble.a(tmppDYYCYpebble.o)
 .text.window_get_click_config_provider
                0x0000000000000000        0xc /Users/edwinfinch/pebble-dev/PebbleSDK-3.0-dp1/Pebble/basalt/lib/libpebble.a(tmppDYYCYpebble.o)
 .text.window_get_fullscreen
                0x0000000000000000        0xc /Users/edwinfinch/pebble-dev/PebbleSDK-3.0-dp1/Pebble/basalt/lib/libpebble.a(tmppDYYCYpebble.o)
 .text.window_is_loaded
                0x0000000000000000        0xc /Users/edwinfinch/pebble-dev/PebbleSDK-3.0-dp1/Pebble/basalt/lib/libpebble.a(tmppDYYCYpebble.o)
 .text.window_set_background_color_2bit
                0x0000000000000000        0xc /Users/edwinfinch/pebble-dev/PebbleSDK-3.0-dp1/Pebble/basalt/lib/libpebble.a(tmppDYYCYpebble.o)
 .text.window_set_click_config_provider
                0x0000000000000000        0xc /Users/edwinfinch/pebble-dev/PebbleSDK-3.0-dp1/Pebble/basalt/lib/libpebble.a(tmppDYYCYpebble.o)
 .text.window_set_click_config_provider_with_context
                0x0000000000000000        0xc /Users/edwinfinch/pebble-dev/PebbleSDK-3.0-dp1/Pebble/basalt/lib/libpebble.a(tmppDYYCYpebble.o)
 .text.window_set_fullscreen
                0x0000000000000000        0xc /Users/edwinfinch/pebble-dev/PebbleSDK-3.0-dp1/Pebble/basalt/lib/libpebble.a(tmppDYYCYpebble.o)
 .text.window_set_status_bar_icon
                0x0000000000000000        0xc /Users/edwinfinch/pebble-dev/PebbleSDK-3.0-dp1/Pebble/basalt/lib/libpebble.a(tmppDYYCYpebble.o)
 .text.window_stack_contains_window
                0x0000000000000000        0xc /Users/edwinfinch/pebble-dev/PebbleSDK-3.0-dp1/Pebble/basalt/lib/libpebble.a(tmppDYYCYpebble.o)
 .text.window_stack_get_top_window
                0x0000000000000000        0xc /Users/edwinfinch/pebble-dev/PebbleSDK-3.0-dp1/Pebble/basalt/lib/libpebble.a(tmppDYYCYpebble.o)
 .text.window_stack_pop
                0x0000000000000000        0xc /Users/edwinfinch/pebble-dev/PebbleSDK-3.0-dp1/Pebble/basalt/lib/libpebble.a(tmppDYYCYpebble.o)
 .text.window_stack_pop_all
                0x0000000000000000        0xc /Users/edwinfinch/pebble-dev/PebbleSDK-3.0-dp1/Pebble/basalt/lib/libpebble.a(tmppDYYCYpebble.o)
 .text.window_stack_remove
                0x0000000000000000        0xc /Users/edwinfinch/pebble-dev/PebbleSDK-3.0-dp1/Pebble/basalt/lib/libpebble.a(tmppDYYCYpebble.o)
 .text.app_focus_service_subscribe
                0x0000000000000000        0xc /Users/edwinfinch/pebble-dev/PebbleSDK-3.0-dp1/Pebble/basalt/lib/libpebble.a(tmppDYYCYpebble.o)
 .text.app_focus_service_unsubscribe
                0x0000000000000000        0xc /Users/edwinfinch/pebble-dev/PebbleSDK-3.0-dp1/Pebble/basalt/lib/libpebble.a(tmppDYYCYpebble.o)
 .text.window_get_user_data
                0x0000000000000000        0xc /Users/edwinfinch/pebble-dev/PebbleSDK-3.0-dp1/Pebble/basalt/lib/libpebble.a(tmppDYYCYpebble.o)
 .text.window_set_user_data
                0x0000000000000000        0xc /Users/edwinfinch/pebble-dev/PebbleSDK-3.0-dp1/Pebble/basalt/lib/libpebble.a(tmppDYYCYpebble.o)
 .text.app_message_get_context
                0x0000000000000000        0xc /Users/edwinfinch/pebble-dev/PebbleSDK-3.0-dp1/Pebble/basalt/lib/libpebble.a(tmppDYYCYpebble.o)
 .text.app_message_inbox_size_maximum
                0x0000000000000000        0xc /Users/edwinfinch/pebble-dev/PebbleSDK-3.0-dp1/Pebble/basalt/lib/libpebble.a(tmppDYYCYpebble.o)
 .text.app_message_outbox_begin
                0x0000000000000000        0xc /Users/edwinfinch/pebble-dev/PebbleSDK-3.0-dp1/Pebble/basalt/lib/libpebble.a(tmppDYYCYpebble.o)
 .text.app_message_outbox_send
                0x0000000000000000        0xc /Users/edwinfinch/pebble-dev/PebbleSDK-3.0-dp1/Pebble/basalt/lib/libpebble.a(tmppDYYCYpebble.o)
 .text.app_message_outbox_size_maximum
                0x0000000000000000        0xc /Users/edwinfinch/pebble-dev/PebbleSDK-3.0-dp1/Pebble/basalt/lib/libpebble.a(tmppDYYCYpebble.o)
 .text.app_message_register_inbox_dropped
                0x0000000000000000        0xc /Users/edwinfinch/pebble-dev/PebbleSDK-3.0-dp1/Pebble/basalt/lib/libpebble.a(tmppDYYCYpebble.o)
 .text.app_message_register_inbox_received
                0x0000000000000000        0xc /Users/edwinfinch/pebble-dev/PebbleSDK-3.0-dp1/Pebble/basalt/lib/libpebble.a(tmppDYYCYpebble.o)
 .text.app_message_register_outbox_failed
                0x0000000000000000        0xc /Users/edwinfinch/pebble-dev/PebbleSDK-3.0-dp1/Pebble/basalt/lib/libpebble.a(tmppDYYCYpebble.o)
 .text.app_message_register_outbox_sent
                0x0000000000000000        0xc /Users/edwinfinch/pebble-dev/PebbleSDK-3.0-dp1/Pebble/basalt/lib/libpebble.a(tmppDYYCYpebble.o)
 .text.app_message_set_context
                0x0000000000000000        0xc /Users/edwinfinch/pebble-dev/PebbleSDK-3.0-dp1/Pebble/basalt/lib/libpebble.a(tmppDYYCYpebble.o)
 .text.window_long_click_subscribe
                0x0000000000000000        0xc /Users/edwinfinch/pebble-dev/PebbleSDK-3.0-dp1/Pebble/basalt/lib/libpebble.a(tmppDYYCYpebble.o)
 .text.window_multi_click_subscribe
                0x0000000000000000        0xc /Users/edwinfinch/pebble-dev/PebbleSDK-3.0-dp1/Pebble/basalt/lib/libpebble.a(tmppDYYCYpebble.o)
 .text.window_raw_click_subscribe
                0x0000000000000000        0xc /Users/edwinfinch/pebble-dev/PebbleSDK-3.0-dp1/Pebble/basalt/lib/libpebble.a(tmppDYYCYpebble.o)
 .text.window_set_click_context
                0x0000000000000000        0xc /Users/edwinfinch/pebble-dev/PebbleSDK-3.0-dp1/Pebble/basalt/lib/libpebble.a(tmppDYYCYpebble.o)
 .text.window_single_click_subscribe
                0x0000000000000000        0xc /Users/edwinfinch/pebble-dev/PebbleSDK-3.0-dp1/Pebble/basalt/lib/libpebble.a(tmppDYYCYpebble.o)
 .text.window_single_repeating_click_subscribe
                0x0000000000000000        0xc /Users/edwinfinch/pebble-dev/PebbleSDK-3.0-dp1/Pebble/basalt/lib/libpebble.a(tmppDYYCYpebble.o)
 .text.graphics_draw_text
                0x0000000000000000        0xc /Users/edwinfinch/pebble-dev/PebbleSDK-3.0-dp1/Pebble/basalt/lib/libpebble.a(tmppDYYCYpebble.o)
 .text.dict_serialize_tuplets_to_buffer
                0x0000000000000000        0xc /Users/edwinfinch/pebble-dev/PebbleSDK-3.0-dp1/Pebble/basalt/lib/libpebble.a(tmppDYYCYpebble.o)
 .text.persist_read_data
                0x0000000000000000        0xc /Users/edwinfinch/pebble-dev/PebbleSDK-3.0-dp1/Pebble/basalt/lib/libpebble.a(tmppDYYCYpebble.o)
 .text.persist_read_string
                0x0000000000000000        0xc /Users/edwinfinch/pebble-dev/PebbleSDK-3.0-dp1/Pebble/basalt/lib/libpebble.a(tmppDYYCYpebble.o)
 .text.persist_write_data
                0x0000000000000000        0xc /Users/edwinfinch/pebble-dev/PebbleSDK-3.0-dp1/Pebble/basalt/lib/libpebble.a(tmppDYYCYpebble.o)
 .text.dict_size
                0x0000000000000000        0xc /Users/edwinfinch/pebble-dev/PebbleSDK-3.0-dp1/Pebble/basalt/lib/libpebble.a(tmppDYYCYpebble.o)
 .text.graphics_text_layout_get_content_size
                0x0000000000000000        0xc /Users/edwinfinch/pebble-dev/PebbleSDK-3.0-dp1/Pebble/basalt/lib/libpebble.a(tmppDYYCYpebble.o)
 .text.simple_menu_layer_get_menu_layer
                0x0000000000000000        0xc /Users/edwinfinch/pebble-dev/PebbleSDK-3.0-dp1/Pebble/basalt/lib/libpebble.a(tmppDYYCYpebble.o)
 .text.accel_data_service_subscribe
                0x0000000000000000        0xc /Users/edwinfinch/pebble-dev/PebbleSDK-3.0-dp1/Pebble/basalt/lib/libpebble.a(tmppDYYCYpebble.o)
 .text.calloc   0x0000000000000000        0xc /Users/edwinfinch/pebble-dev/PebbleSDK-3.0-dp1/Pebble/basalt/lib/libpebble.a(tmppDYYCYpebble.o)
 .text.bitmap_layer_get_bitmap
                0x0000000000000000        0xc /Users/edwinfinch/pebble-dev/PebbleSDK-3.0-dp1/Pebble/basalt/lib/libpebble.a(tmppDYYCYpebble.o)
 .text.menu_layer_set_callbacks
                0x0000000000000000        0xc /Users/edwinfinch/pebble-dev/PebbleSDK-3.0-dp1/Pebble/basalt/lib/libpebble.a(tmppDYYCYpebble.o)
 .text.window_get_click_config_context
                0x0000000000000000        0xc /Users/edwinfinch/pebble-dev/PebbleSDK-3.0-dp1/Pebble/basalt/lib/libpebble.a(tmppDYYCYpebble.o)
 .text.number_window_get_window
                0x0000000000000000        0xc /Users/edwinfinch/pebble-dev/PebbleSDK-3.0-dp1/Pebble/basalt/lib/libpebble.a(tmppDYYCYpebble.o)
 .text.realloc  0x0000000000000000        0xc /Users/edwinfinch/pebble-dev/PebbleSDK-3.0-dp1/Pebble/basalt/lib/libpebble.a(tmppDYYCYpebble.o)
 .text.gbitmap_create_blank_2bit
                0x0000000000000000        0xc /Users/edwinfinch/pebble-dev/PebbleSDK-3.0-dp1/Pebble/basalt/lib/libpebble.a(tmppDYYCYpebble.o)
 .text.click_recognizer_is_repeating
                0x0000000000000000        0xc /Users/edwinfinch/pebble-dev/PebbleSDK-3.0-dp1/Pebble/basalt/lib/libpebble.a(tmppDYYCYpebble.o)
 .text.accel_raw_data_service_subscribe
                0x0000000000000000        0xc /Users/edwinfinch/pebble-dev/PebbleSDK-3.0-dp1/Pebble/basalt/lib/libpebble.a(tmppDYYCYpebble.o)
 .text.app_worker_is_running
                0x0000000000000000        0xc /Users/edwinfinch/pebble-dev/PebbleSDK-3.0-dp1/Pebble/basalt/lib/libpebble.a(tmppDYYCYpebble.o)
 .text.app_worker_kill
                0x0000000000000000        0xc /Users/edwinfinch/pebble-dev/PebbleSDK-3.0-dp1/Pebble/basalt/lib/libpebble.a(tmppDYYCYpebble.o)
 .text.app_worker_launch
                0x0000000000000000        0xc /Users/edwinfinch/pebble-dev/PebbleSDK-3.0-dp1/Pebble/basalt/lib/libpebble.a(tmppDYYCYpebble.o)
 .text.app_worker_message_subscribe
                0x0000000000000000        0xc /Users/edwinfinch/pebble-dev/PebbleSDK-3.0-dp1/Pebble/basalt/lib/libpebble.a(tmppDYYCYpebble.o)
 .text.app_worker_message_unsubscribe
                0x0000000000000000        0xc /Users/edwinfinch/pebble-dev/PebbleSDK-3.0-dp1/Pebble/basalt/lib/libpebble.a(tmppDYYCYpebble.o)
 .text.app_worker_send_message
                0x0000000000000000        0xc /Users/edwinfinch/pebble-dev/PebbleSDK-3.0-dp1/Pebble/basalt/lib/libpebble.a(tmppDYYCYpebble.o)
 .text.worker_event_loop
                0x0000000000000000        0xc /Users/edwinfinch/pebble-dev/PebbleSDK-3.0-dp1/Pebble/basalt/lib/libpebble.a(tmppDYYCYpebble.o)
 .text.worker_launch_app
                0x0000000000000000        0xc /Users/edwinfinch/pebble-dev/PebbleSDK-3.0-dp1/Pebble/basalt/lib/libpebble.a(tmppDYYCYpebble.o)
 .text.heap_bytes_free
                0x0000000000000000        0xc /Users/edwinfinch/pebble-dev/PebbleSDK-3.0-dp1/Pebble/basalt/lib/libpebble.a(tmppDYYCYpebble.o)
 .text.heap_bytes_used
                0x0000000000000000        0xc /Users/edwinfinch/pebble-dev/PebbleSDK-3.0-dp1/Pebble/basalt/lib/libpebble.a(tmppDYYCYpebble.o)
 .text.compass_service_peek
                0x0000000000000000        0xc /Users/edwinfinch/pebble-dev/PebbleSDK-3.0-dp1/Pebble/basalt/lib/libpebble.a(tmppDYYCYpebble.o)
 .text.compass_service_set_heading_filter
                0x0000000000000000        0xc /Users/edwinfinch/pebble-dev/PebbleSDK-3.0-dp1/Pebble/basalt/lib/libpebble.a(tmppDYYCYpebble.o)
 .text.compass_service_subscribe
                0x0000000000000000        0xc /Users/edwinfinch/pebble-dev/PebbleSDK-3.0-dp1/Pebble/basalt/lib/libpebble.a(tmppDYYCYpebble.o)
 .text.compass_service_unsubscribe
                0x0000000000000000        0xc /Users/edwinfinch/pebble-dev/PebbleSDK-3.0-dp1/Pebble/basalt/lib/libpebble.a(tmppDYYCYpebble.o)
 .text.uuid_equal
                0x0000000000000000        0xc /Users/edwinfinch/pebble-dev/PebbleSDK-3.0-dp1/Pebble/basalt/lib/libpebble.a(tmppDYYCYpebble.o)
 .text.uuid_to_string
                0x0000000000000000        0xc /Users/edwinfinch/pebble-dev/PebbleSDK-3.0-dp1/Pebble/basalt/lib/libpebble.a(tmppDYYCYpebble.o)
 .text.gpath_draw_filled
                0x0000000000000000        0xc /Users/edwinfinch/pebble-dev/PebbleSDK-3.0-dp1/Pebble/basalt/lib/libpebble.a(tmppDYYCYpebble.o)
 .text.animation_legacy2_set_custom_curve
                0x0000000000000000        0xc /Users/edwinfinch/pebble-dev/PebbleSDK-3.0-dp1/Pebble/basalt/lib/libpebble.a(tmppDYYCYpebble.o)
 .text.watch_info_get_color
                0x0000000000000000        0xc /Users/edwinfinch/pebble-dev/PebbleSDK-3.0-dp1/Pebble/basalt/lib/libpebble.a(tmppDYYCYpebble.o)
 .text.watch_info_get_firmware_version
                0x0000000000000000        0xc /Users/edwinfinch/pebble-dev/PebbleSDK-3.0-dp1/Pebble/basalt/lib/libpebble.a(tmppDYYCYpebble.o)
 .text.watch_info_get_model
                0x0000000000000000        0xc /Users/edwinfinch/pebble-dev/PebbleSDK-3.0-dp1/Pebble/basalt/lib/libpebble.a(tmppDYYCYpebble.o)
 .text.graphics_capture_frame_buffer_2bit
                0x0000000000000000        0xc /Users/edwinfinch/pebble-dev/PebbleSDK-3.0-dp1/Pebble/basalt/lib/libpebble.a(tmppDYYCYpebble.o)
 .text.graphics_frame_buffer_is_captured
                0x0000000000000000        0xc /Users/edwinfinch/pebble-dev/PebbleSDK-3.0-dp1/Pebble/basalt/lib/libpebble.a(tmppDYYCYpebble.o)
 .text.graphics_release_frame_buffer
                0x0000000000000000        0xc /Users/edwinfinch/pebble-dev/PebbleSDK-3.0-dp1/Pebble/basalt/lib/libpebble.a(tmppDYYCYpebble.o)
 .text.clock_to_timestamp
                0x0000000000000000        0xc /Users/edwinfinch/pebble-dev/PebbleSDK-3.0-dp1/Pebble/basalt/lib/libpebble.a(tmppDYYCYpebble.o)
 .text.launch_reason
                0x0000000000000000        0xc /Users/edwinfinch/pebble-dev/PebbleSDK-3.0-dp1/Pebble/basalt/lib/libpebble.a(tmppDYYCYpebble.o)
 .text.wakeup_cancel
                0x0000000000000000        0xc /Users/edwinfinch/pebble-dev/PebbleSDK-3.0-dp1/Pebble/basalt/lib/libpebble.a(tmppDYYCYpebble.o)
 .text.wakeup_cancel_all
                0x0000000000000000        0xc /Users/edwinfinch/pebble-dev/PebbleSDK-3.0-dp1/Pebble/basalt/lib/libpebble.a(tmppDYYCYpebble.o)
 .text.wakeup_get_launch_event
                0x0000000000000000        0xc /Users/edwinfinch/pebble-dev/PebbleSDK-3.0-dp1/Pebble/basalt/lib/libpebble.a(tmppDYYCYpebble.o)
 .text.wakeup_query
                0x0000000000000000        0xc /Users/edwinfinch/pebble-dev/PebbleSDK-3.0-dp1/Pebble/basalt/lib/libpebble.a(tmppDYYCYpebble.o)
 .text.wakeup_schedule
                0x0000000000000000        0xc /Users/edwinfinch/pebble-dev/PebbleSDK-3.0-dp1/Pebble/basalt/lib/libpebble.a(tmppDYYCYpebble.o)
 .text.wakeup_service_subscribe
                0x0000000000000000        0xc /Users/edwinfinch/pebble-dev/PebbleSDK-3.0-dp1/Pebble/basalt/lib/libpebble.a(tmppDYYCYpebble.o)
 .text.clock_is_timezone_set
                0x0000000000000000        0xc /Users/edwinfinch/pebble-dev/PebbleSDK-3.0-dp1/Pebble/basalt/lib/libpebble.a(tmppDYYCYpebble.o)
 .text.i18n_get_system_locale
                0x0000000000000000        0xc /Users/edwinfinch/pebble-dev/PebbleSDK-3.0-dp1/Pebble/basalt/lib/libpebble.a(tmppDYYCYpebble.o)
 .text._localeconv_r
                0x0000000000000000        0xc /Users/edwinfinch/pebble-dev/PebbleSDK-3.0-dp1/Pebble/basalt/lib/libpebble.a(tmppDYYCYpebble.o)
 .text.setlocale
                0x0000000000000000        0xc /Users/edwinfinch/pebble-dev/PebbleSDK-3.0-dp1/Pebble/basalt/lib/libpebble.a(tmppDYYCYpebble.o)
 .text.mktime   0x0000000000000000        0xc /Users/edwinfinch/pebble-dev/PebbleSDK-3.0-dp1/Pebble/basalt/lib/libpebble.a(tmppDYYCYpebble.o)
 .text.GColorEq
                0x0000000000000000        0xc /Users/edwinfinch/pebble-dev/PebbleSDK-3.0-dp1/Pebble/basalt/lib/libpebble.a(tmppDYYCYpebble.o)
 .text.__profiler_init
                0x0000000000000000        0xc /Users/edwinfinch/pebble-dev/PebbleSDK-3.0-dp1/Pebble/basalt/lib/libpebble.a(tmppDYYCYpebble.o)
 .text.__profiler_print_stats
                0x0000000000000000        0xc /Users/edwinfinch/pebble-dev/PebbleSDK-3.0-dp1/Pebble/basalt/lib/libpebble.a(tmppDYYCYpebble.o)
 .text.__profiler_start
                0x0000000000000000        0xc /Users/edwinfinch/pebble-dev/PebbleSDK-3.0-dp1/Pebble/basalt/lib/libpebble.a(tmppDYYCYpebble.o)
 .text.__profiler_stop
                0x0000000000000000        0xc /Users/edwinfinch/pebble-dev/PebbleSDK-3.0-dp1/Pebble/basalt/lib/libpebble.a(tmppDYYCYpebble.o)
 .text.action_bar_layer_set_background_color
                0x0000000000000000        0xc /Users/edwinfinch/pebble-dev/PebbleSDK-3.0-dp1/Pebble/basalt/lib/libpebble.a(tmppDYYCYpebble.o)
 .text.bitmap_layer_set_background_color
                0x0000000000000000        0xc /Users/edwinfinch/pebble-dev/PebbleSDK-3.0-dp1/Pebble/basalt/lib/libpebble.a(tmppDYYCYpebble.o)
 .text.graphics_context_set_fill_color
                0x0000000000000000        0xc /Users/edwinfinch/pebble-dev/PebbleSDK-3.0-dp1/Pebble/basalt/lib/libpebble.a(tmppDYYCYpebble.o)
 .text.graphics_context_set_stroke_color
                0x0000000000000000        0xc /Users/edwinfinch/pebble-dev/PebbleSDK-3.0-dp1/Pebble/basalt/lib/libpebble.a(tmppDYYCYpebble.o)
 .text.graphics_context_set_text_color
                0x0000000000000000        0xc /Users/edwinfinch/pebble-dev/PebbleSDK-3.0-dp1/Pebble/basalt/lib/libpebble.a(tmppDYYCYpebble.o)
 .text.rot_bitmap_layer_set_corner_clip_color
                0x0000000000000000        0xc /Users/edwinfinch/pebble-dev/PebbleSDK-3.0-dp1/Pebble/basalt/lib/libpebble.a(tmppDYYCYpebble.o)
 .text.window_set_background_color
                0x0000000000000000        0xc /Users/edwinfinch/pebble-dev/PebbleSDK-3.0-dp1/Pebble/basalt/lib/libpebble.a(tmppDYYCYpebble.o)
 .text.clock_get_timezone
                0x0000000000000000        0xc /Users/edwinfinch/pebble-dev/PebbleSDK-3.0-dp1/Pebble/basalt/lib/libpebble.a(tmppDYYCYpebble.o)
 .text.gmtime   0x0000000000000000        0xc /Users/edwinfinch/pebble-dev/PebbleSDK-3.0-dp1/Pebble/basalt/lib/libpebble.a(tmppDYYCYpebble.o)
 .text.animation_create
                0x0000000000000000        0xc /Users/edwinfinch/pebble-dev/PebbleSDK-3.0-dp1/Pebble/basalt/lib/libpebble.a(tmppDYYCYpebble.o)
 .text.animation_destroy
                0x0000000000000000        0xc /Users/edwinfinch/pebble-dev/PebbleSDK-3.0-dp1/Pebble/basalt/lib/libpebble.a(tmppDYYCYpebble.o)
 .text.animation_get_context
                0x0000000000000000        0xc /Users/edwinfinch/pebble-dev/PebbleSDK-3.0-dp1/Pebble/basalt/lib/libpebble.a(tmppDYYCYpebble.o)
 .text.animation_is_scheduled
                0x0000000000000000        0xc /Users/edwinfinch/pebble-dev/PebbleSDK-3.0-dp1/Pebble/basalt/lib/libpebble.a(tmppDYYCYpebble.o)
 .text.animation_schedule
                0x0000000000000000        0xc /Users/edwinfinch/pebble-dev/PebbleSDK-3.0-dp1/Pebble/basalt/lib/libpebble.a(tmppDYYCYpebble.o)
 .text.animation_set_curve
                0x0000000000000000        0xc /Users/edwinfinch/pebble-dev/PebbleSDK-3.0-dp1/Pebble/basalt/lib/libpebble.a(tmppDYYCYpebble.o)
 .text.animation_set_custom_curve
                0x0000000000000000        0xc /Users/edwinfinch/pebble-dev/PebbleSDK-3.0-dp1/Pebble/basalt/lib/libpebble.a(tmppDYYCYpebble.o)
 .text.animation_set_delay
                0x0000000000000000        0xc /Users/edwinfinch/pebble-dev/PebbleSDK-3.0-dp1/Pebble/basalt/lib/libpebble.a(tmppDYYCYpebble.o)
 .text.animation_set_duration
                0x0000000000000000        0xc /Users/edwinfinch/pebble-dev/PebbleSDK-3.0-dp1/Pebble/basalt/lib/libpebble.a(tmppDYYCYpebble.o)
 .text.animation_set_handlers
                0x0000000000000000        0xc /Users/edwinfinch/pebble-dev/PebbleSDK-3.0-dp1/Pebble/basalt/lib/libpebble.a(tmppDYYCYpebble.o)
 .text.animation_set_implementation
                0x0000000000000000        0xc /Users/edwinfinch/pebble-dev/PebbleSDK-3.0-dp1/Pebble/basalt/lib/libpebble.a(tmppDYYCYpebble.o)
 .text.animation_unschedule
                0x0000000000000000        0xc /Users/edwinfinch/pebble-dev/PebbleSDK-3.0-dp1/Pebble/basalt/lib/libpebble.a(tmppDYYCYpebble.o)
 .text.animation_unschedule_all
                0x0000000000000000        0xc /Users/edwinfinch/pebble-dev/PebbleSDK-3.0-dp1/Pebble/basalt/lib/libpebble.a(tmppDYYCYpebble.o)
 .text.gbitmap_create_blank
                0x0000000000000000        0xc /Users/edwinfinch/pebble-dev/PebbleSDK-3.0-dp1/Pebble/basalt/lib/libpebble.a(tmppDYYCYpebble.o)
 .text.graphics_capture_frame_buffer
                0x0000000000000000        0xc /Users/edwinfinch/pebble-dev/PebbleSDK-3.0-dp1/Pebble/basalt/lib/libpebble.a(tmppDYYCYpebble.o)
 .text.graphics_capture_frame_buffer_format
                0x0000000000000000        0xc /Users/edwinfinch/pebble-dev/PebbleSDK-3.0-dp1/Pebble/basalt/lib/libpebble.a(tmppDYYCYpebble.o)
 .text.property_animation_create
                0x0000000000000000        0xc /Users/edwinfinch/pebble-dev/PebbleSDK-3.0-dp1/Pebble/basalt/lib/libpebble.a(tmppDYYCYpebble.o)
 .text.property_animation_create_layer_frame
                0x0000000000000000        0xc /Users/edwinfinch/pebble-dev/PebbleSDK-3.0-dp1/Pebble/basalt/lib/libpebble.a(tmppDYYCYpebble.o)
 .text.property_animation_destroy
                0x0000000000000000        0xc /Users/edwinfinch/pebble-dev/PebbleSDK-3.0-dp1/Pebble/basalt/lib/libpebble.a(tmppDYYCYpebble.o)
 .text.property_animation_from
                0x0000000000000000        0xc /Users/edwinfinch/pebble-dev/PebbleSDK-3.0-dp1/Pebble/basalt/lib/libpebble.a(tmppDYYCYpebble.o)
 .text.property_animation_get_animation
                0x0000000000000000        0xc /Users/edwinfinch/pebble-dev/PebbleSDK-3.0-dp1/Pebble/basalt/lib/libpebble.a(tmppDYYCYpebble.o)
 .text.property_animation_subject
                0x0000000000000000        0xc /Users/edwinfinch/pebble-dev/PebbleSDK-3.0-dp1/Pebble/basalt/lib/libpebble.a(tmppDYYCYpebble.o)
 .text.property_animation_to
                0x0000000000000000        0xc /Users/edwinfinch/pebble-dev/PebbleSDK-3.0-dp1/Pebble/basalt/lib/libpebble.a(tmppDYYCYpebble.o)
 .text.property_animation_update_gpoint
                0x0000000000000000        0xc /Users/edwinfinch/pebble-dev/PebbleSDK-3.0-dp1/Pebble/basalt/lib/libpebble.a(tmppDYYCYpebble.o)
 .text.property_animation_update_grect
                0x0000000000000000        0xc /Users/edwinfinch/pebble-dev/PebbleSDK-3.0-dp1/Pebble/basalt/lib/libpebble.a(tmppDYYCYpebble.o)
 .text.property_animation_update_int16
                0x0000000000000000        0xc /Users/edwinfinch/pebble-dev/PebbleSDK-3.0-dp1/Pebble/basalt/lib/libpebble.a(tmppDYYCYpebble.o)
 .text.gbitmap_create_blank_with_palette
                0x0000000000000000        0xc /Users/edwinfinch/pebble-dev/PebbleSDK-3.0-dp1/Pebble/basalt/lib/libpebble.a(tmppDYYCYpebble.o)
 .text.gbitmap_get_bounds
                0x0000000000000000        0xc /Users/edwinfinch/pebble-dev/PebbleSDK-3.0-dp1/Pebble/basalt/lib/libpebble.a(tmppDYYCYpebble.o)
 .text.gbitmap_get_bytes_per_row
                0x0000000000000000        0xc /Users/edwinfinch/pebble-dev/PebbleSDK-3.0-dp1/Pebble/basalt/lib/libpebble.a(tmppDYYCYpebble.o)
 .text.gbitmap_get_data
                0x0000000000000000        0xc /Users/edwinfinch/pebble-dev/PebbleSDK-3.0-dp1/Pebble/basalt/lib/libpebble.a(tmppDYYCYpebble.o)
 .text.gbitmap_get_format
                0x0000000000000000        0xc /Users/edwinfinch/pebble-dev/PebbleSDK-3.0-dp1/Pebble/basalt/lib/libpebble.a(tmppDYYCYpebble.o)
 .text.gbitmap_get_palette
                0x0000000000000000        0xc /Users/edwinfinch/pebble-dev/PebbleSDK-3.0-dp1/Pebble/basalt/lib/libpebble.a(tmppDYYCYpebble.o)
 .text.gbitmap_set_bounds
                0x0000000000000000        0xc /Users/edwinfinch/pebble-dev/PebbleSDK-3.0-dp1/Pebble/basalt/lib/libpebble.a(tmppDYYCYpebble.o)
 .text.gbitmap_set_data
                0x0000000000000000        0xc /Users/edwinfinch/pebble-dev/PebbleSDK-3.0-dp1/Pebble/basalt/lib/libpebble.a(tmppDYYCYpebble.o)
 .text.gbitmap_set_palette
                0x0000000000000000        0xc /Users/edwinfinch/pebble-dev/PebbleSDK-3.0-dp1/Pebble/basalt/lib/libpebble.a(tmppDYYCYpebble.o)
 .text.gbitmap_sequence_create_with_resource
                0x0000000000000000        0xc /Users/edwinfinch/pebble-dev/PebbleSDK-3.0-dp1/Pebble/basalt/lib/libpebble.a(tmppDYYCYpebble.o)
 .text.gbitmap_sequence_destroy
                0x0000000000000000        0xc /Users/edwinfinch/pebble-dev/PebbleSDK-3.0-dp1/Pebble/basalt/lib/libpebble.a(tmppDYYCYpebble.o)
 .text.gbitmap_sequence_get_bitmap_size
                0x0000000000000000        0xc /Users/edwinfinch/pebble-dev/PebbleSDK-3.0-dp1/Pebble/basalt/lib/libpebble.a(tmppDYYCYpebble.o)
 .text.gbitmap_sequence_get_current_frame_idx
                0x0000000000000000        0xc /Users/edwinfinch/pebble-dev/PebbleSDK-3.0-dp1/Pebble/basalt/lib/libpebble.a(tmppDYYCYpebble.o)
 .text.gbitmap_sequence_get_total_num_frames
                0x0000000000000000        0xc /Users/edwinfinch/pebble-dev/PebbleSDK-3.0-dp1/Pebble/basalt/lib/libpebble.a(tmppDYYCYpebble.o)
 .text.gbitmap_sequence_update_bitmap_next_frame
                0x0000000000000000        0xc /Users/edwinfinch/pebble-dev/PebbleSDK-3.0-dp1/Pebble/basalt/lib/libpebble.a(tmppDYYCYpebble.o)
 .text.gbitmap_create_from_png_data
                0x0000000000000000        0xc /Users/edwinfinch/pebble-dev/PebbleSDK-3.0-dp1/Pebble/basalt/lib/libpebble.a(tmppDYYCYpebble.o)
 .text.animation_clone
                0x0000000000000000        0xc /Users/edwinfinch/pebble-dev/PebbleSDK-3.0-dp1/Pebble/basalt/lib/libpebble.a(tmppDYYCYpebble.o)
 .text.animation_get_delay
                0x0000000000000000        0xc /Users/edwinfinch/pebble-dev/PebbleSDK-3.0-dp1/Pebble/basalt/lib/libpebble.a(tmppDYYCYpebble.o)
 .text.animation_get_duration
                0x0000000000000000        0xc /Users/edwinfinch/pebble-dev/PebbleSDK-3.0-dp1/Pebble/basalt/lib/libpebble.a(tmppDYYCYpebble.o)
 .text.animation_get_play_count
                0x0000000000000000        0xc /Users/edwinfinch/pebble-dev/PebbleSDK-3.0-dp1/Pebble/basalt/lib/libpebble.a(tmppDYYCYpebble.o)
 .text.animation_get_position
                0x0000000000000000        0xc /Users/edwinfinch/pebble-dev/PebbleSDK-3.0-dp1/Pebble/basalt/lib/libpebble.a(tmppDYYCYpebble.o)
 .text.animation_get_reverse
                0x0000000000000000        0xc /Users/edwinfinch/pebble-dev/PebbleSDK-3.0-dp1/Pebble/basalt/lib/libpebble.a(tmppDYYCYpebble.o)
 .text.animation_sequence_create
                0x0000000000000000        0xc /Users/edwinfinch/pebble-dev/PebbleSDK-3.0-dp1/Pebble/basalt/lib/libpebble.a(tmppDYYCYpebble.o)
 .text.animation_sequence_create_from_array
                0x0000000000000000        0xc /Users/edwinfinch/pebble-dev/PebbleSDK-3.0-dp1/Pebble/basalt/lib/libpebble.a(tmppDYYCYpebble.o)
 .text.animation_set_play_count
                0x0000000000000000        0xc /Users/edwinfinch/pebble-dev/PebbleSDK-3.0-dp1/Pebble/basalt/lib/libpebble.a(tmppDYYCYpebble.o)
 .text.animation_set_position
                0x0000000000000000        0xc /Users/edwinfinch/pebble-dev/PebbleSDK-3.0-dp1/Pebble/basalt/lib/libpebble.a(tmppDYYCYpebble.o)
 .text.animation_set_reverse
                0x0000000000000000        0xc /Users/edwinfinch/pebble-dev/PebbleSDK-3.0-dp1/Pebble/basalt/lib/libpebble.a(tmppDYYCYpebble.o)
 .text.animation_spawn_create
                0x0000000000000000        0xc /Users/edwinfinch/pebble-dev/PebbleSDK-3.0-dp1/Pebble/basalt/lib/libpebble.a(tmppDYYCYpebble.o)
 .text.animation_spawn_create_from_array
                0x0000000000000000        0xc /Users/edwinfinch/pebble-dev/PebbleSDK-3.0-dp1/Pebble/basalt/lib/libpebble.a(tmppDYYCYpebble.o)
 .text          0x0000000000000000        0x0 /Users/edwinfinch/pebble-dev/PebbleSDK-3.0-dp1/arm-cs-tools/bin/../lib/gcc/arm-none-eabi/4.7.2/thumb2/crtend.o
 .bss           0x0000000000000000        0x0 /Users/edwinfinch/pebble-dev/PebbleSDK-3.0-dp1/arm-cs-tools/bin/../lib/gcc/arm-none-eabi/4.7.2/thumb2/crtend.o
 .eh_frame      0x0000000000000000        0x4 /Users/edwinfinch/pebble-dev/PebbleSDK-3.0-dp1/arm-cs-tools/bin/../lib/gcc/arm-none-eabi/4.7.2/thumb2/crtend.o
 .jcr           0x0000000000000000        0x4 /Users/edwinfinch/pebble-dev/PebbleSDK-3.0-dp1/arm-cs-tools/bin/../lib/gcc/arm-none-eabi/4.7.2/thumb2/crtend.o
 .tm_clone_table
                0x0000000000000000        0x0 /Users/edwinfinch/pebble-dev/PebbleSDK-3.0-dp1/arm-cs-tools/bin/../lib/gcc/arm-none-eabi/4.7.2/thumb2/crtend.o
 .text          0x0000000000000000        0x0 /Users/edwinfinch/pebble-dev/PebbleSDK-3.0-dp1/arm-cs-tools/bin/../lib/gcc/arm-none-eabi/4.7.2/thumb2/crtn.o
 .bss           0x0000000000000000        0x0 /Users/edwinfinch/pebble-dev/PebbleSDK-3.0-dp1/arm-cs-tools/bin/../lib/gcc/arm-none-eabi/4.7.2/thumb2/crtn.o
 .init          0x0000000000000000        0x8 /Users/edwinfinch/pebble-dev/PebbleSDK-3.0-dp1/arm-cs-tools/bin/../lib/gcc/arm-none-eabi/4.7.2/thumb2/crtn.o
 .fini          0x0000000000000000        0x8 /Users/edwinfinch/pebble-dev/PebbleSDK-3.0-dp1/arm-cs-tools/bin/../lib/gcc/arm-none-eabi/4.7.2/thumb2/crtn.o

Memory Configuration

Name             Origin             Length             Attributes
APP              0x0000000000000000 0x0000000000010000 xrw
*default*        0x0000000000000000 0xffffffffffffffff

Linker script and memory map

LOAD /Users/edwinfinch/pebble-dev/PebbleSDK-3.0-dp1/arm-cs-tools/bin/../lib/gcc/arm-none-eabi/4.7.2/thumb2/crti.o
LOAD /Users/edwinfinch/pebble-dev/PebbleSDK-3.0-dp1/arm-cs-tools/bin/../lib/gcc/arm-none-eabi/4.7.2/thumb2/crtbegin.o
LOAD src/TheDress.c.9.o
LOAD basalt/appinfo.auto.c.9.o
LOAD /Users/edwinfinch/pebble-dev/PebbleSDK-3.0-dp1/Pebble/basalt/lib/libpebble.a
START GROUP
LOAD /Users/edwinfinch/pebble-dev/PebbleSDK-3.0-dp1/arm-cs-tools/bin/../lib/gcc/arm-none-eabi/4.7.2/thumb2/libgcc.a
LOAD /Users/edwinfinch/pebble-dev/PebbleSDK-3.0-dp1/arm-cs-tools/bin/../lib/gcc/arm-none-eabi/4.7.2/../../../../arm-none-eabi/lib/thumb2/libc.a
END GROUP
LOAD /Users/edwinfinch/pebble-dev/PebbleSDK-3.0-dp1/arm-cs-tools/bin/../lib/gcc/arm-none-eabi/4.7.2/thumb2/crtend.o
LOAD /Users/edwinfinch/pebble-dev/PebbleSDK-3.0-dp1/arm-cs-tools/bin/../lib/gcc/arm-none-eabi/4.7.2/thumb2/crtn.o

.header         0x0000000000000000       0x82
 *(.pbl_header)
 .pbl_header    0x0000000000000000       0x82 basalt/appinfo.auto.c.9.o
                0x0000000000000000                __pbl_app_info

.note.gnu.build-id
                0x0000000000000082       0x26
                0x0000000000000082                PROVIDE (BUILD_ID, .)
 *(.note.gnu.build-id)
 *fill*         0x0000000000000082        0x2 
 .note.gnu.build-id
                0x0000000000000084       0x24 linker stubs

.text           0x00000000000000a8      0x347
 *(.text)
 .text          0x00000000000000a8       0x14 /Users/edwinfinch/pebble-dev/PebbleSDK-3.0-dp1/Pebble/basalt/lib/libpebble.a(tmppDYYCYpebble.o)
 *(.text.*)
 .text.window_unload
                0x00000000000000bc       0x18 src/TheDress.c.9.o
                0x00000000000000bc                window_unload
 .text.tick_handler
                0x00000000000000d4       0x58 src/TheDress.c.9.o
                0x00000000000000d4                tick_handler
 .text.window_load
                0x000000000000012c       0xd0 src/TheDress.c.9.o
                0x000000000000012c                window_load
 .text.init     0x00000000000001fc       0x64 src/TheDress.c.9.o
                0x00000000000001fc                init
 .text.deinit   0x0000000000000260       0x18 src/TheDress.c.9.o
                0x0000000000000260                deinit
 .text.startup.main
                0x0000000000000278       0x12 src/TheDress.c.9.o
                0x0000000000000278                main
 *fill*         0x000000000000028a        0x2 
 .text.app_event_loop
                0x000000000000028c        0xc /Users/edwinfinch/pebble-dev/PebbleSDK-3.0-dp1/Pebble/basalt/lib/libpebble.a(tmppDYYCYpebble.o)
                0x000000000000028c                app_event_loop
 .text.bitmap_layer_create
                0x0000000000000298        0xc /Users/edwinfinch/pebble-dev/PebbleSDK-3.0-dp1/Pebble/basalt/lib/libpebble.a(tmppDYYCYpebble.o)
                0x0000000000000298                bitmap_layer_create
 .text.bitmap_layer_get_layer
                0x00000000000002a4        0xc /Users/edwinfinch/pebble-dev/PebbleSDK-3.0-dp1/Pebble/basalt/lib/libpebble.a(tmppDYYCYpebble.o)
                0x00000000000002a4                bitmap_layer_get_layer
 .text.bitmap_layer_set_bitmap
                0x00000000000002b0        0xc /Users/edwinfinch/pebble-dev/PebbleSDK-3.0-dp1/Pebble/basalt/lib/libpebble.a(tmppDYYCYpebble.o)
                0x00000000000002b0                bitmap_layer_set_bitmap
 .text.clock_is_24h_style
                0x00000000000002bc        0xc /Users/edwinfinch/pebble-dev/PebbleSDK-3.0-dp1/Pebble/basalt/lib/libpebble.a(tmppDYYCYpebble.o)
                0x00000000000002bc                clock_is_24h_style
 .text.fonts_get_system_font
                0x00000000000002c8        0xc /Users/edwinfinch/pebble-dev/PebbleSDK-3.0-dp1/Pebble/basalt/lib/libpebble.a(tmppDYYCYpebble.o)
                0x00000000000002c8                fonts_get_system_font
 .text.gbitmap_create_with_resource
                0x00000000000002d4        0xc /Users/edwinfinch/pebble-dev/PebbleSDK-3.0-dp1/Pebble/basalt/lib/libpebble.a(tmppDYYCYpebble.o)
                0x00000000000002d4                gbitmap_create_with_resource
 .text.layer_add_child
                0x00000000000002e0        0xc /Users/edwinfinch/pebble-dev/PebbleSDK-3.0-dp1/Pebble/basalt/lib/libpebble.a(tmppDYYCYpebble.o)
                0x00000000000002e0                layer_add_child
 .text.localtime
                0x00000000000002ec        0xc /Users/edwinfinch/pebble-dev/PebbleSDK-3.0-dp1/Pebble/basalt/lib/libpebble.a(tmppDYYCYpebble.o)
                0x00000000000002ec                localtime
 .text.memset   0x00000000000002f8        0xc /Users/edwinfinch/pebble-dev/PebbleSDK-3.0-dp1/Pebble/basalt/lib/libpebble.a(tmppDYYCYpebble.o)
                0x00000000000002f8                memset
 .text.strftime
                0x0000000000000304        0xc /Users/edwinfinch/pebble-dev/PebbleSDK-3.0-dp1/Pebble/basalt/lib/libpebble.a(tmppDYYCYpebble.o)
                0x0000000000000304                strftime
 .text.text_layer_create
                0x0000000000000310        0xc /Users/edwinfinch/pebble-dev/PebbleSDK-3.0-dp1/Pebble/basalt/lib/libpebble.a(tmppDYYCYpebble.o)
                0x0000000000000310                text_layer_create
 .text.text_layer_destroy
                0x000000000000031c        0xc /Users/edwinfinch/pebble-dev/PebbleSDK-3.0-dp1/Pebble/basalt/lib/libpebble.a(tmppDYYCYpebble.o)
                0x000000000000031c                text_layer_destroy
 .text.text_layer_get_layer
                0x0000000000000328        0xc /Users/edwinfinch/pebble-dev/PebbleSDK-3.0-dp1/Pebble/basalt/lib/libpebble.a(tmppDYYCYpebble.o)
                0x0000000000000328                text_layer_get_layer
 .text.text_layer_set_font
                0x0000000000000334        0xc /Users/edwinfinch/pebble-dev/PebbleSDK-3.0-dp1/Pebble/basalt/lib/libpebble.a(tmppDYYCYpebble.o)
                0x0000000000000334                text_layer_set_font
 .text.text_layer_set_text
                0x0000000000000340        0xc /Users/edwinfinch/pebble-dev/PebbleSDK-3.0-dp1/Pebble/basalt/lib/libpebble.a(tmppDYYCYpebble.o)
                0x0000000000000340                text_layer_set_text
 .text.tick_timer_service_subscribe
                0x000000000000034c        0xc /Users/edwinfinch/pebble-dev/PebbleSDK-3.0-dp1/Pebble/basalt/lib/libpebble.a(tmppDYYCYpebble.o)
                0x000000000000034c                tick_timer_service_subscribe
 .text.time     0x0000000000000358        0xc /Users/edwinfinch/pebble-dev/PebbleSDK-3.0-dp1/Pebble/basalt/lib/libpebble.a(tmppDYYCYpebble.o)
                0x0000000000000358                time
 .text.window_create
                0x0000000000000364        0xc /Users/edwinfinch/pebble-dev/PebbleSDK-3.0-dp1/Pebble/basalt/lib/libpebble.a(tmppDYYCYpebble.o)
                0x0000000000000364                window_create
 .text.window_destroy
                0x0000000000000370        0xc /Users/edwinfinch/pebble-dev/PebbleSDK-3.0-dp1/Pebble/basalt/lib/libpebble.a(tmppDYYCYpebble.o)
                0x0000000000000370                window_destroy
 .text.window_get_root_layer
                0x000000000000037c        0xc /Users/edwinfinch/pebble-dev/PebbleSDK-3.0-dp1/Pebble/basalt/lib/libpebble.a(tmppDYYCYpebble.o)
                0x000000000000037c                window_get_root_layer
 .text.window_set_window_handlers
                0x0000000000000388        0xc /Users/edwinfinch/pebble-dev/PebbleSDK-3.0-dp1/Pebble/basalt/lib/libpebble.a(tmppDYYCYpebble.o)
                0x0000000000000388                window_set_window_handlers
 .text.window_stack_push
                0x0000000000000394        0xc /Users/edwinfinch/pebble-dev/PebbleSDK-3.0-dp1/Pebble/basalt/lib/libpebble.a(tmppDYYCYpebble.o)
                0x0000000000000394                window_stack_push
 .text.text_layer_set_background_color
                0x00000000000003a0        0xc /Users/edwinfinch/pebble-dev/PebbleSDK-3.0-dp1/Pebble/basalt/lib/libpebble.a(tmppDYYCYpebble.o)
                0x00000000000003a0                text_layer_set_background_color
 .text.text_layer_set_text_color
                0x00000000000003ac        0xc /Users/edwinfinch/pebble-dev/PebbleSDK-3.0-dp1/Pebble/basalt/lib/libpebble.a(tmppDYYCYpebble.o)
                0x00000000000003ac                text_layer_set_text_color
 *(.rodata)
 .rodata        0x00000000000003b8       0x10 src/TheDress.c.9.o
 *(.rodata*)
 .rodata.str1.1
                0x00000000000003c8       0x27 src/TheDress.c.9.o

.glue_7         0x00000000000003f0        0x0
 .glue_7        0x0000000000000000        0x0 linker stubs

.glue_7t        0x00000000000003f0        0x0
 .glue_7t       0x0000000000000000        0x0 linker stubs

.vfp11_veneer   0x00000000000003f0        0x0
 .vfp11_veneer  0x0000000000000000        0x0 linker stubs

.v4_bx          0x00000000000003f0        0x0
 .v4_bx         0x0000000000000000        0x0 linker stubs

.iplt           0x00000000000003f0        0x0
 .iplt          0x0000000000000000        0x0 /Users/edwinfinch/pebble-dev/PebbleSDK-3.0-dp1/arm-cs-tools/bin/../lib/gcc/arm-none-eabi/4.7.2/thumb2/crtbegin.o

.rel.dyn        0x00000000000003f0        0x0
 .rel.iplt      0x0000000000000000        0x0 /Users/edwinfinch/pebble-dev/PebbleSDK-3.0-dp1/arm-cs-tools/bin/../lib/gcc/arm-none-eabi/4.7.2/thumb2/crtbegin.o
 .rel.got       0x0000000000000000        0x0 /Users/edwinfinch/pebble-dev/PebbleSDK-3.0-dp1/arm-cs-tools/bin/../lib/gcc/arm-none-eabi/4.7.2/thumb2/crtbegin.o

.data           0x00000000000003f0        0xa
 *(.data)
 .data          0x00000000000003f0        0x0 /Users/edwinfinch/pebble-dev/PebbleSDK-3.0-dp1/arm-cs-tools/bin/../lib/gcc/arm-none-eabi/4.7.2/thumb2/crti.o
 .data          0x00000000000003f0        0x4 /Users/edwinfinch/pebble-dev/PebbleSDK-3.0-dp1/arm-cs-tools/bin/../lib/gcc/arm-none-eabi/4.7.2/thumb2/crtbegin.o
                0x00000000000003f0                __dso_handle
 .data          0x00000000000003f4        0x0 src/TheDress.c.9.o
 .data          0x00000000000003f4        0x0 basalt/appinfo.auto.c.9.o
 .data          0x00000000000003f4        0x0 /Users/edwinfinch/pebble-dev/PebbleSDK-3.0-dp1/Pebble/basalt/lib/libpebble.a(tmppDYYCYpebble.o)
 .data          0x00000000000003f4        0x0 /Users/edwinfinch/pebble-dev/PebbleSDK-3.0-dp1/arm-cs-tools/bin/../lib/gcc/arm-none-eabi/4.7.2/thumb2/crtend.o
 .data          0x00000000000003f4        0x0 /Users/edwinfinch/pebble-dev/PebbleSDK-3.0-dp1/arm-cs-tools/bin/../lib/gcc/arm-none-eabi/4.7.2/thumb2/crtn.o
 *(.data.*)
 .data.time_buffer.6723
                0x00000000000003f4        0x6 src/TheDress.c.9.o

.igot.plt       0x00000000000003fc        0x0
 .igot.plt      0x0000000000000000        0x0 /Users/edwinfinch/pebble-dev/PebbleSDK-3.0-dp1/arm-cs-tools/bin/../lib/gcc/arm-none-eabi/4.7.2/thumb2/crtbegin.o

.got            0x00000000000003fc       0x10
 .got           0x00000000000003fc       0x10 /Users/edwinfinch/pebble-dev/PebbleSDK-3.0-dp1/arm-cs-tools/bin/../lib/gcc/arm-none-eabi/4.7.2/thumb2/crtbegin.o

.got.plt        0x000000000000040c        0xc
 .got.plt       0x000000000000040c        0xc /Users/edwinfinch/pebble-dev/PebbleSDK-3.0-dp1/arm-cs-tools/bin/../lib/gcc/arm-none-eabi/4.7.2/thumb2/crtbegin.o
                0x000000000000040c                _GLOBAL_OFFSET_TABLE_

.bss            0x0000000000000418       0x10
 *(.bss)
 *(.bss.*)
 COMMON         0x0000000000000418       0x10 src/TheDress.c.9.o
                0x0000000000000418                the_dress_layer
                0x000000000000041c                the_dress_bitmap
                0x0000000000000420                time_layer
                0x0000000000000424                window

DISCARD
 libc.a(*)
 libm.a(*)
 libgcc.a(*)
 *(.eh_frame)
OUTPUT(/Users/edwinfinch/pebble-projects/TheDress/build/basalt/pebble-app.elf elf32-littlearm)

.ARM.attributes
                0x0000000000000000       0x27
 .ARM.attributes
                0x0000000000000000       0x19 /Users/edwinfinch/pebble-dev/PebbleSDK-3.0-dp1/arm-cs-tools/bin/../lib/gcc/arm-none-eabi/4.7.2/thumb2/crti.o
 .ARM.attributes
                0x0000000000000019       0x29 /Users/edwinfinch/pebble-dev/PebbleSDK-3.0-dp1/arm-cs-tools/bin/../lib/gcc/arm-none-eabi/4.7.2/thumb2/crtbegin.o
 .ARM.attributes
                0x0000000000000042       0x33 src/TheDress.c.9.o
 .ARM.attributes
                0x0000000000000075       0x33 basalt/appinfo.auto.c.9.o
 .ARM.attributes
                0x00000000000000a8       0x21 /Users/edwinfinch/pebble-dev/PebbleSDK-3.0-dp1/Pebble/basalt/lib/libpebble.a(tmppDYYCYpebble.o)
 .ARM.attributes
                0x00000000000000c9       0x29 /Users/edwinfinch/pebble-dev/PebbleSDK-3.0-dp1/arm-cs-tools/bin/../lib/gcc/arm-none-eabi/4.7.2/thumb2/crtend.o
 .ARM.attributes
                0x00000000000000f2       0x19 /Users/edwinfinch/pebble-dev/PebbleSDK-3.0-dp1/arm-cs-tools/bin/../lib/gcc/arm-none-eabi/4.7.2/thumb2/crtn.o

.comment        0x0000000000000000       0x4e
 .comment       0x0000000000000000       0x4e /Users/edwinfinch/pebble-dev/PebbleSDK-3.0-dp1/arm-cs-tools/bin/../lib/gcc/arm-none-eabi/4.7.2/thumb2/crtbegin.o
                                         0x4f (size before relaxing)
 .comment       0x0000000000000000       0x4f src/TheDress.c.9.o
 .comment       0x0000000000000000       0x4f basalt/appinfo.auto.c.9.o
 .comment       0x0000000000000000       0x4f /Users/edwinfinch/pebble-dev/PebbleSDK-3.0-dp1/arm-cs-tools/bin/../lib/gcc/arm-none-eabi/4.7.2/thumb2/crtend.o

.debug_info     0x0000000000000000      0xd14
 .debug_info    0x0000000000000000      0x9df src/TheDress.c.9.o
 .debug_info    0x00000000000009df      0x335 basalt/appinfo.auto.c.9.o

.debug_abbrev   0x0000000000000000      0x34c
 .debug_abbrev  0x0000000000000000      0x2ae src/TheDress.c.9.o
 .debug_abbrev  0x00000000000002ae       0x9e basalt/appinfo.auto.c.9.o

.debug_loc      0x0000000000000000      0x137
 .debug_loc     0x0000000000000000      0x137 src/TheDress.c.9.o

.debug_aranges  0x0000000000000000       0x60
 .debug_aranges
                0x0000000000000000       0x48 src/TheDress.c.9.o
 .debug_aranges
                0x0000000000000048       0x18 basalt/appinfo.auto.c.9.o

.debug_ranges   0x0000000000000000       0x38
 .debug_ranges  0x0000000000000000       0x38 src/TheDress.c.9.o

.debug_line     0x0000000000000000      0x43d
 .debug_line    0x0000000000000000      0x2fa src/TheDress.c.9.o
 .debug_line    0x00000000000002fa      0x143 basalt/appinfo.auto.c.9.o

.debug_str      0x0000000000000000      0x6c1
 .debug_str     0x0000000000000000      0x49f src/TheDress.c.9.o
                                        0x508 (size before relaxing)
 .debug_str     0x000000000000049f      0x222 basalt/appinfo.auto.c.9.o
                                        0x347 (size before relaxing)

.debug_frame    0x0000000000000000       0xa8
 .debug_frame   0x0000000000000000       0xa8 src/TheDress.c.9.o
